00000000  04 08 ff ff 07 00 05 00  ff ff 06 00 ff ff 08 00  |................|
00000010  ff ff ff ff 00 00 00 00  00 00 00 00 00 00 00 00  |................|
00000020  00 00 00 00 00 00 00 00  00 00 00 00 00 00 00 00  |................|
*
00010000  74 65 73 74 66 69 6c 65  5f 63 6f 6d 70 6c 65 78  |testfile_complex|
00010010  00 00 00 00 00 00 00 00  00 00 00 00 00 00 00 00  |................|
00010020  ab 2c 00 00 02 00 00 07  e6 ff 16 66 00 00 00 00  |.,.........f....|
00010030  00 00 00 00 00 00 00 00  00 00 00 00 00 00 00 00  |................|
00010040  74 65 73 74 66 69 6c 65  5f 63 6f 6d 70 6c 65 78  |testfile_complex|
00010050  5f 32 00 00 00 00 00 00  00 00 00 00 00 00 00 00  |_2..............|
00010060  85 2c 00 00 03 00 00 07  e6 ff 16 66 00 00 00 00  |.,.........f....|
00010070  00 00 00 00 00 00 00 00  00 00 00 00 00 00 00 00  |................|
00010080  74 65 73 74 66 69 6c 65  5f 63 6f 6d 70 6c 65 78  |testfile_complex|
00010090  5f 33 00 00 00 00 00 00  00 00 00 00 00 00 00 00  |_3..............|
000100a0  0a 00 00 00 04 00 00 07  e6 ff 16 66 00 00 00 00  |...........f....|
000100b0  00 00 00 00 00 00 00 00  00 00 00 00 00 00 00 00  |................|
000100c0  74 65 73 74 66 69 6c 65  5f 63 6f 6d 70 6c 65 78  |testfile_complex|
000100d0  5f 34 00 00 00 00 00 00  00 00 00 00 00 00 00 00  |_4..............|
000100e0  56 00 00 00 09 00 00 07  e6 ff 16 66 00 00 00 00  |V..........f....|
000100f0  00 00 00 00 00 00 00 00  00 00 00 00 00 00 00 00  |................|
*
00012000  48 65 6c 6c 6f 2c 20 50  65 6e 6e 46 41 54 21 20  |Hello, PennFAT! |
00012010  54 68 69 73 20 70 61 72  74 20 73 68 6f 75 6c 64  |This part should|
00012020  20 77 72 61 70 2e 54 68  65 2c 20 71 75 69 63 6b  | wrap.The, quick|
00012030  2c 20 62 72 6f 77 6e 2c  20 66 6f 78 2c 20 6a 75  |, brown, fox, ju|
00012040  6d 70 73 2c 20 6f 76 65  72 2c 20 74 68 65 2c 20  |mps, over, the, |
00012050  6c 61 7a 79 2c 20 64 6f  67 2c 20 61 6e 64 2c 20  |lazy, dog, and, |
00012060  74 68 65 6e 2c 20 73 6f  6d 65 2c 20 6d 6f 72 65  |then, some, more|
00012070  2c 20 77 6f 72 64 73 2c  20 66 72 6f 6d 2c 20 74  |, words, from, t|
00012080  68 65 2c 20 64 69 63 74  69 6f 6e 61 72 79 2c 20  |he, dictionary, |
00012090  6c 69 6b 65 2c 20 61 70  70 6c 65 2c 20 62 61 6e  |like, apple, ban|
000120a0  61 6e 61 2c 20 63 68 65  72 72 79 2c 20 67 72 61  |ana, cherry, gra|
000120b0  70 65 2c 20 6f 72 61 6e  67 65 2c 20 70 65 61 63  |pe, orange, peac|
000120c0  68 2c 20 6c 65 6d 6f 6e  2c 20 6c 69 6d 65 2c 20  |h, lemon, lime, |
000120d0  6d 61 6e 67 6f 2c 20 70  69 6e 65 61 70 70 6c 65  |mango, pineapple|
000120e0  2c 20 63 6f 63 6f 6e 75  74 2c 20 6b 69 77 69 2c  |, coconut, kiwi,|
000120f0  20 73 74 72 61 77 62 65  72 72 79 2c 20 62 6c 75  | strawberry, blu|
00012100  65 62 65 72 72 79 2c 20  72 61 73 70 62 65 72 72  |eberry, raspberr|
00012110  79 2c 20 62 6c 61 63 6b  62 65 72 72 79 2c 20 77  |y, blackberry, w|
00012120  61 74 65 72 6d 65 6c 6f  6e 2c 20 63 61 6e 74 61  |atermelon, canta|
00012130  6c 6f 75 70 65 2c 20 68  6f 6e 65 79 64 65 77 2c  |loupe, honeydew,|
00012140  20 67 72 61 70 65 66 72  75 69 74 2c 20 61 70 72  | grapefruit, apr|
00012150  69 63 6f 74 2c 20 61 76  6f 63 61 64 6f 2c 20 70  |icot, avocado, p|
00012160  61 70 61 79 61 2c 20 66  69 67 2c 20 70 6f 6d 65  |apaya, fig, pome|
00012170  67 72 61 6e 61 74 65 2c  20 70 6c 75 6d 2c 20 74  |granate, plum, t|
00012180  61 6e 67 65 72 69 6e 65  2c 20 6e 65 63 74 61 72  |angerine, nectar|
00012190  69 6e 65 2c 20 70 65 72  73 69 6d 6d 6f 6e 2c 20  |ine, persimmon, |
000121a0  70 61 73 73 69 6f 6e 66  72 75 69 74 2c 20 67 75  |passionfruit, gu|
000121b0  61 76 61 2c 20 6c 79 63  68 65 65 2c 20 65 6c 64  |ava, lychee, eld|
000121c0  65 72 62 65 72 72 79 2c  20 63 72 61 6e 62 65 72  |erberry, cranber|
000121d0  72 79 2c 20 67 6f 6f 73  65 62 65 72 72 79 2c 20  |ry, gooseberry, |
000121e0  61 61 72 64 76 61 72 6b  2c 20 61 62 61 63 75 73  |aardvark, abacus|
000121f0  2c 20 61 62 61 6e 64 6f  6e 2c 20 61 62 64 6f 6d  |, abandon, abdom|
00012200  65 6e 2c 20 61 62 64 75  63 74 2c 20 61 62 65 72  |en, abduct, aber|
00012210  72 61 6e 74 2c 20 61 62  68 6f 72 2c 20 61 62 69  |rant, abhor, abi|
00012220  64 65 2c 20 61 62 69 6c  69 74 79 2c 20 61 62 6a  |de, ability, abj|
00012230  65 63 74 2c 20 61 62 6a  75 72 65 2c 20 61 62 6c  |ect, abjure, abl|
00012240  65 2c 20 61 62 6e 6f 72  6d 61 6c 2c 20 61 62 6f  |e, abnormal, abo|
00012250  61 72 64 2c 20 61 62 6f  6c 69 73 68 2c 20 61 62  |ard, abolish, ab|
00012260  6f 6d 69 6e 61 62 6c 65  2c 20 61 62 6f 72 69 67  |ominable, aborig|
00012270  69 6e 61 6c 2c 20 61 62  6f 72 74 2c 20 61 62 6f  |inal, abort, abo|
00012280  75 6e 64 2c 20 61 62 6f  75 74 2c 20 61 62 6f 76  |und, about, abov|
00012290  65 2c 20 61 62 72 61 73  69 6f 6e 2c 20 61 62 72  |e, abrasion, abr|
000122a0  61 73 69 76 65 2c 20 61  62 72 65 61 73 74 2c 20  |asive, abreast, |
000122b0  61 62 72 69 64 67 65 2c  20 61 62 72 6f 61 64 2c  |abridge, abroad,|
000122c0  20 61 62 72 75 70 74 6c  79 2c 20 61 62 73 65 6e  | abruptly, absen|
000122d0  63 65 2c 20 61 62 73 65  6e 74 2c 20 61 62 73 6f  |ce, absent, abso|
000122e0  6c 75 74 65 2c 20 61 62  73 6f 6c 76 65 2c 20 61  |lute, absolve, a|
000122f0  62 73 6f 72 62 2c 20 61  62 73 74 61 69 6e 2c 20  |bsorb, abstain, |
00012300  61 62 73 74 72 61 63 74  2c 20 61 62 73 75 72 64  |abstract, absurd|
00012310  2c 20 61 62 75 6e 64 61  6e 74 2c 20 61 62 75 73  |, abundant, abus|
00012320  65 2c 20 61 62 79 73 73  2c 20 61 63 61 64 65 6d  |e, abyss, academ|
00012330  69 63 2c 20 61 63 61 64  65 6d 79 2c 20 61 63 63  |ic, academy, acc|
00012340  65 6c 65 72 61 74 65 2c  20 61 63 63 65 6e 74 2c  |elerate, accent,|
00012350  20 61 63 63 65 70 74 2c  20 61 63 63 65 73 73 2c  | accept, access,|
00012360  20 61 63 63 6c 61 69 6d  2c 20 61 63 63 6f 6d 6d  | acclaim, accomm|
00012370  6f 64 61 74 65 2c 20 61  63 63 6f 6d 70 61 6e 79  |odate, accompany|
00012380  2c 20 61 63 63 6f 6d 70  6c 69 73 68 2c 20 61 63  |, accomplish, ac|
00012390  63 6f 72 64 69 6e 67 2c  20 61 63 63 6f 75 6e 74  |cording, account|
000123a0  2c 20 61 63 63 6f 75 6e  74 61 62 6c 65 2c 20 61  |, accountable, a|
000123b0  63 63 75 6d 75 6c 61 74  65 2c 20 61 63 63 75 72  |ccumulate, accur|
000123c0  61 63 79 2c 20 61 63 63  75 72 61 74 65 2c 20 61  |acy, accurate, a|
000123d0  63 63 75 73 61 74 69 6f  6e 2c 20 61 63 63 75 73  |ccusation, accus|
000123e0  65 2c 20 61 63 63 75 73  74 6f 6d 65 64 2c 20 61  |e, accustomed, a|
000123f0  63 68 69 65 76 65 2c 20  61 63 6b 6e 6f 77 6c 65  |chieve, acknowle|
00012400  64 67 6d 65 6e 74 2c 20  61 63 71 75 61 69 6e 74  |dgment, acquaint|
00012410  61 6e 63 65 2c 20 61 63  71 75 69 65 73 63 65 2c  |ance, acquiesce,|
00012420  20 61 63 71 75 69 72 65  2c 20 61 63 71 75 69 73  | acquire, acquis|
00012430  69 74 69 6f 6e 2c 20 61  63 72 65 2c 20 61 63 72  |ition, acre, acr|
00012440  6f 73 73 2c 20 61 63 74  2c 20 61 63 74 69 6f 6e  |oss, act, action|
00012450  2c 20 61 63 74 69 76 61  74 65 2c 20 61 63 74 69  |, activate, acti|
00012460  76 65 2c 20 61 63 74 69  76 69 74 79 2c 20 61 63  |ve, activity, ac|
00012470  74 6f 72 2c 20 61 63 74  75 61 6c 2c 20 61 63 74  |tor, actual, act|
00012480  75 61 6c 6c 79 2c 20 61  63 75 74 65 2c 20 61 64  |ually, acute, ad|
00012490  61 67 65 2c 20 61 64 61  70 74 2c 20 61 64 61 70  |age, adapt, adap|
000124a0  74 65 72 2c 20 61 64 64  2c 20 61 64 64 69 63 74  |ter, add, addict|
000124b0  2c 20 61 64 64 69 63 74  69 6f 6e 2c 20 61 64 64  |, addiction, add|
000124c0  69 74 69 6f 6e 2c 20 61  64 64 72 65 73 73 2c 20  |ition, address, |
000124d0  61 64 68 65 72 65 2c 20  61 64 6a 61 63 65 6e 74  |adhere, adjacent|
000124e0  2c 20 61 64 6a 6f 69 6e  2c 20 61 64 6a 75 73 74  |, adjoin, adjust|
000124f0  2c 20 61 64 6a 75 73 74  6d 65 6e 74 2c 20 61 64  |, adjustment, ad|
00012500  6d 69 6e 69 73 74 65 72  2c 20 61 64 6d 69 6e 69  |minister, admini|
00012510  73 74 72 61 74 69 6f 6e  2c 20 61 64 6d 69 6e 69  |stration, admini|
00012520  73 74 72 61 74 69 76 65  2c 20 61 64 6d 69 72 65  |strative, admire|
00012530  2c 20 61 64 6d 69 73 73  69 6f 6e 2c 20 61 64 6d  |, admission, adm|
00012540  69 74 2c 20 61 64 6f 6c  65 73 63 65 6e 74 2c 20  |it, adolescent, |
00012550  61 64 6f 70 74 2c 20 61  64 6f 70 74 69 6f 6e 2c  |adopt, adoption,|
00012560  20 61 64 6f 72 65 2c 20  61 64 6f 72 6e 2c 20 61  | adore, adorn, a|
00012570  64 75 6c 74 2c 20 61 64  76 61 6e 63 65 2c 20 61  |dult, advance, a|
00012580  64 76 61 6e 63 65 64 2c  20 61 64 76 61 6e 74 61  |dvanced, advanta|
00012590  67 65 2c 20 61 64 76 65  6e 74 75 72 65 2c 20 61  |ge, adventure, a|
000125a0  64 76 65 72 73 61 72 79  2c 20 61 64 76 65 72 74  |dversary, advert|
000125b0  69 73 65 2c 20 61 64 76  65 72 74 69 73 65 6d 65  |ise, advertiseme|
000125c0  6e 74 2c 20 61 64 76 65  72 74 69 73 69 6e 67 2c  |nt, advertising,|
000125d0  20 61 64 76 69 63 65 2c  20 61 64 76 69 73 65 2c  | advice, advise,|
000125e0  20 61 64 76 69 73 65 72  2c 20 61 64 76 6f 63 61  | adviser, advoca|
000125f0  74 65 2c 20 61 65 72 69  61 6c 2c 20 61 66 66 61  |te, aerial, affa|
00012600  69 72 2c 20 61 66 66 65  63 74 2c 20 61 66 66 65  |ir, affect, affe|
00012610  63 74 69 6f 6e 2c 20 61  66 66 69 6c 69 61 74 65  |ction, affiliate|
00012620  2c 20 61 66 66 69 72 6d  2c 20 61 66 66 69 72 6d  |, affirm, affirm|
00012630  61 74 69 76 65 2c 20 61  66 66 6f 72 64 2c 20 61  |ative, afford, a|
00012640  66 72 61 69 64 2c 20 61  66 74 65 72 2c 20 61 66  |fraid, after, af|
00012650  74 65 72 6e 6f 6f 6e 2c  20 61 66 74 65 72 77 61  |ternoon, afterwa|
00012660  72 64 2c 20 61 67 61 69  6e 2c 20 61 67 61 69 6e  |rd, again, again|
00012670  73 74 2c 20 61 67 65 2c  20 61 67 65 6e 63 79 2c  |st, age, agency,|
00012680  20 61 67 65 6e 64 61 2c  20 61 67 65 6e 74 2c 20  | agenda, agent, |
00012690  61 67 67 72 65 73 73 69  76 65 2c 20 61 67 67 72  |aggressive, aggr|
000126a0  65 73 73 69 6f 6e 2c 20  61 67 67 72 65 73 73 69  |ession, aggressi|
000126b0  76 65 2c 20 61 67 69 6c  65 2c 20 61 67 69 6c 69  |ve, agile, agili|
000126c0  74 79 2c 20 61 67 69 74  61 74 65 2c 20 61 67 6f  |ty, agitate, ago|
000126d0  6e 79 2c 20 61 67 72 65  65 2c 20 61 67 72 65 65  |ny, agree, agree|
000126e0  6d 65 6e 74 2c 20 61 67  72 69 63 75 6c 74 75 72  |ment, agricultur|
000126f0  65 2c 20 61 68 65 61 64  2c 20 61 69 64 2c 20 61  |e, ahead, aid, a|
00012700  69 6c 6d 65 6e 74 2c 20  61 69 6d 2c 20 61 69 72  |ilment, aim, air|
00012710  2c 20 61 69 72 70 6c 61  6e 65 2c 20 61 69 72 70  |, airplane, airp|
00012720  6f 72 74 2c 20 61 69 73  6c 65 2c 20 61 6c 61 72  |ort, aisle, alar|
00012730  6d 2c 20 61 6c 62 61 74  72 6f 73 73 2c 20 61 6c  |m, albatross, al|
00012740  62 75 6d 2c 20 61 6c 63  6f 68 6f 6c 2c 20 61 6c  |bum, alcohol, al|
00012750  65 72 74 2c 20 61 6c 67  65 62 72 61 2c 20 61 6c  |ert, algebra, al|
00012760  69 65 6e 2c 20 61 6c 69  65 6e 61 74 65 2c 20 61  |ien, alienate, a|
00012770  6c 69 67 6e 2c 20 61 6c  69 6b 65 2c 20 61 6c 69  |lign, alike, ali|
00012780  76 65 2c 20 61 6c 6c 2c  20 61 6c 6c 6f 63 61 74  |ve, all, allocat|
00012790  65 2c 20 61 6c 6c 6f 74  2c 20 61 6c 6c 6f 77 2c  |e, allot, allow,|
000127a0  20 61 6c 6c 6f 79 2c 20  61 6c 6c 75 64 65 2c 20  | alloy, allude, |
000127b0  61 6c 6c 75 72 65 2c 20  61 6c 6c 79 2c 20 61 6c  |allure, ally, al|
000127c0  6d 6f 73 74 2c 20 61 6c  6f 6e 65 2c 20 61 6c 6f  |most, alone, alo|
000127d0  6e 67 2c 20 61 6c 6f 6e  67 73 69 64 65 2c 20 61  |ng, alongside, a|
000127e0  6c 6f 75 64 2c 20 61 6c  70 68 61 62 65 74 2c 20  |loud, alphabet, |
000127f0  61 6c 72 65 61 64 79 2c  20 61 6c 73 6f 2c 20 61  |already, also, a|
00012800  6c 74 65 72 2c 20 61 6c  74 65 72 6e 61 74 65 2c  |lter, alternate,|
00012810  20 61 6c 74 65 72 6e 61  74 69 76 65 2c 20 61 6c  | alternative, al|
00012820  74 68 6f 75 67 68 2c 20  61 6c 74 69 74 75 64 65  |though, altitude|
00012830  2c 20 61 6c 74 6f 67 65  74 68 65 72 2c 20 61 6c  |, altogether, al|
00012840  77 61 79 73 2c 20 61 6d  61 6c 67 61 6d 61 74 65  |ways, amalgamate|
00012850  2c 20 61 6d 61 73 73 2c  20 61 6d 61 74 65 75 72  |, amass, amateur|
00012860  2c 20 61 6d 61 7a 69 6e  67 2c 20 61 6d 62 69 74  |, amazing, ambit|
00012870  69 6f 6e 2c 20 61 6d 62  69 74 69 6f 75 73 2c 20  |ion, ambitious, |
00012880  61 6d 62 75 6c 61 6e 63  65 2c 20 61 6d 62 75 73  |ambulance, ambus|
00012890  68 2c 20 61 6d 65 6e 61  62 6c 65 2c 20 61 6d 65  |h, amenable, ame|
000128a0  6e 64 2c 20 61 6d 65 6e  64 6d 65 6e 74 2c 20 61  |nd, amendment, a|
000128b0  6d 65 6e 69 74 69 65 73  2c 20 61 6d 69 61 62 6c  |menities, amiabl|
000128c0  65 2c 20 61 6d 69 63 61  62 6c 65 2c 20 61 6d 69  |e, amicable, ami|
000128d0  64 2c 20 61 6d 69 64 73  74 2c 20 61 6d 6d 75 6e  |d, amidst, ammun|
000128e0  69 74 69 6f 6e 2c 20 61  6d 6e 65 73 69 61 2c 20  |ition, amnesia, |
000128f0  61 6d 6f 6e 67 2c 20 61  6d 6f 75 6e 74 2c 20 61  |among, amount, a|
00012900  6d 70 6c 65 2c 20 61 6d  70 6c 69 66 79 2c 20 61  |mple, amplify, a|
00012910  6d 75 73 65 2c 20 61 6d  75 73 65 6d 65 6e 74 2c  |muse, amusement,|
00012920  20 61 6e 61 63 6f 6e 64  61 2c 20 61 6e 61 6c 6f  | anaconda, analo|
00012930  67 79 2c 20 61 6e 61 6c  79 73 69 73 2c 20 61 6e  |gy, analysis, an|
00012940  61 6c 79 73 74 2c 20 61  6e 61 6c 79 7a 65 2c 20  |alyst, analyze, |
00012950  61 6e 63 65 73 74 6f 72  2c 20 61 6e 63 68 6f 72  |ancestor, anchor|
00012960  2c 20 61 6e 63 69 65 6e  74 2c 20 61 6e 64 2c 20  |, ancient, and, |
00012970  61 6e 65 63 64 6f 74 65  2c 20 61 6e 65 73 74 68  |anecdote, anesth|
00012980  65 73 69 61 2c 20 61 6e  65 77 2c 20 61 6e 67 65  |esia, anew, ange|
00012990  6c 2c 20 61 6e 67 65 72  2c 20 61 6e 67 6c 65 2c  |l, anger, angle,|
000129a0  20 61 6e 67 72 79 2c 20  61 6e 69 6d 61 6c 2c 20  | angry, animal, |
000129b0  61 6e 69 6d 61 74 65 2c  20 61 6e 69 6d 61 74 69  |animate, animati|
000129c0  6f 6e 2c 20 61 6e 6b 6c  65 2c 20 61 6e 6e 65 78  |on, ankle, annex|
000129d0  2c 20 61 6e 6e 69 68 69  6c 61 74 65 2c 20 61 6e  |, annihilate, an|
000129e0  6e 6f 75 6e 63 65 2c 20  61 6e 6e 6f 79 61 6e 63  |nounce, annoyanc|
000129f0  65 2c 20 61 6e 6e 75 61  6c 2c 20 61 6e 6f 6d 61  |e, annual, anoma|
00012a00  6c 79 2c 20 61 6e 6f 6e  79 6d 6f 75 73 2c 20 61  |ly, anonymous, a|
00012a10  6e 73 77 65 72 2c 20 61  6e 74 65 6e 6e 61 2c 20  |nswer, antenna, |
00012a20  61 6e 74 68 65 6d 2c 20  61 6e 74 68 6f 6c 6f 67  |anthem, antholog|
00012a30  79 2c 20 61 6e 74 69 63  69 70 61 74 69 6f 6e 2c  |y, anticipation,|
00012a40  20 61 6e 74 69 71 75 65  2c 20 61 6e 74 6c 65 72  | antique, antler|
00012a50  2c 20 61 6e 78 69 65 74  79 2c 20 61 6e 78 69 6f  |, anxiety, anxio|
00012a60  75 73 2c 20 61 6e 79 2c  20 61 6e 79 62 6f 64 79  |us, any, anybody|
00012a70  2c 20 61 6e 79 68 6f 77  2c 20 61 6e 79 6f 6e 65  |, anyhow, anyone|
00012a80  2c 20 61 6e 79 74 68 69  6e 67 2c 20 61 6e 79 77  |, anything, anyw|
00012a90  61 79 2c 20 61 6e 79 77  68 65 72 65 2c 20 61 70  |ay, anywhere, ap|
00012aa0  61 72 74 2c 20 61 70 61  72 74 6d 65 6e 74 2c 20  |art, apartment, |
00012ab0  61 70 61 74 68 79 2c 20  61 70 65 2c 20 61 70 65  |apathy, ape, ape|
00012ac0  72 74 75 72 65 2c 20 61  70 65 78 2c 20 61 70 69  |rture, apex, api|
00012ad0  65 63 65 2c 20 61 70 6c  6f 6d 62 2c 20 61 70 6f  |ece, aplomb, apo|
00012ae0  63 61 6c 79 70 73 65 2c  20 61 70 6f 6c 6f 67 65  |calypse, apologe|
00012af0  74 69 63 2c 20 61 70 6f  6c 6f 67 69 7a 65 2c 20  |tic, apologize, |
00012b00  61 70 6f 73 74 6c 65 2c  20 61 70 70 61 6c 6c 69  |apostle, appalli|
00012b10  6e 67 2c 20 61 70 70 61  6c 6c 69 6e 67 6c 79 2c  |ng, appallingly,|
00012b20  20 61 70 70 61 72 61 74  75 73 2c 20 61 70 70 61  | apparatus, appa|
00012b30  72 65 6c 2c 20 61 70 70  61 72 65 6e 74 2c 20 61  |rel, apparent, a|
00012b40  70 70 61 72 65 6e 74 6c  79 2c 20 61 70 70 65 61  |pparently, appea|
00012b50  6c 2c 20 61 70 70 65 61  6c 69 6e 67 2c 20 61 70  |l, appealing, ap|
00012b60  70 65 61 72 2c 20 61 70  70 65 61 72 61 6e 63 65  |pear, appearance|
00012b70  2c 20 61 70 70 65 61 73  65 2c 20 61 70 70 65 74  |, appease, appet|
00012b80  69 74 65 2c 20 61 70 70  6c 61 75 64 2c 20 61 70  |ite, applaud, ap|
00012b90  70 6c 61 75 73 65 2c 20  61 70 70 6c 65 2c 20 61  |plause, apple, a|
00012ba0  70 70 6c 69 61 6e 63 65  2c 20 61 70 70 6c 69 63  |ppliance, applic|
00012bb0  61 62 6c 65 2c 20 61 70  70 6c 69 63 61 74 69 6f  |able, applicatio|
00012bc0  6e 2c 20 61 70 70 6c 79  2c 20 61 70 70 6f 69 6e  |n, apply, appoin|
00012bd0  74 2c 20 61 70 70 6f 69  6e 74 6d 65 6e 74 2c 20  |t, appointment, |
00012be0  61 70 70 72 61 69 73 61  6c 2c 20 61 70 70 72 61  |appraisal, appra|
00012bf0  69 73 65 2c 20 61 70 70  72 65 63 69 61 74 65 2c  |ise, appreciate,|
00012c00  20 61 70 70 72 6f 61 63  68 2c 20 61 70 70 72 6f  | approach, appro|
00012c10  70 72 69 61 74 65 2c 20  61 70 70 72 6f 76 61 6c  |priate, approval|
00012c20  2c 20 61 70 70 72 6f 76  65 2c 20 61 70 70 72 6f  |, approve, appro|
00012c30  78 69 6d 61 74 65 2c 20  61 70 70 72 6f 78 69 6d  |ximate, approxim|
00012c40  61 74 65 6c 79 2c 20 61  70 72 6f 6e 2c 20 61 70  |ately, apron, ap|
00012c50  74 2c 20 61 70 74 69 74  75 64 65 2c 20 61 72 62  |t, aptitude, arb|
00012c60  69 74 72 61 72 79 2c 20  61 72 62 69 74 72 61 74  |itrary, arbitrat|
00012c70  6f 72 2c 20 61 72 63 61  64 65 2c 20 61 72 63 68  |or, arcade, arch|
00012c80  2c 20 61 72 63 68 61 69  63 2c 20 61 72 63 68 62  |, archaic, archb|
00012c90  69 73 68 6f 70 2c 20 61  72 63 68 69 74 65 63 74  |ishop, architect|
00012ca0  75 72 65 2c 20 61 72 63  68 69 76 65 2c 20 61 72  |ure, archive, ar|
00012cb0  63 74 69 63 2c 20 61 72  64 65 6e 74 6c 79 2c 20  |ctic, ardently, |
00012cc0  61 72 65 61 2c 20 61 72  65 6e 61 2c 20 61 72 67  |area, arena, arg|
00012cd0  75 65 2c 20 61 72 67 75  6d 65 6e 74 2c 20 61 72  |ue, argument, ar|
00012ce0  69 64 2c 20 61 72 69 73  65 2c 20 61 72 69 74 68  |id, arise, arith|
00012cf0  6d 65 74 69 63 2c 20 61  72 6d 2c 20 61 72 6d 61  |metic, arm, arma|
00012d00  64 61 2c 20 61 72 6d 61  6d 65 6e 74 2c 20 61 72  |da, armament, ar|
00012d10  6d 63 68 61 69 72 2c 20  61 72 6d 65 64 2c 20 61  |mchair, armed, a|
00012d20  72 6d 6f 72 2c 20 61 72  6d 6f 72 79 2c 20 61 72  |rmor, armory, ar|
00012d30  6d 73 2c 20 61 72 6d 79  2c 20 61 72 6f 6d 61 2c  |ms, army, aroma,|
00012d40  20 61 72 6f 6d 61 74 69  63 2c 20 61 72 6f 75 6e  | aromatic, aroun|
00012d50  64 2c 20 61 72 6f 75 73  61 6c 2c 20 61 72 72 61  |d, arousal, arra|
00012d60  6e 67 65 2c 20 61 72 72  61 6e 67 65 6d 65 6e 74  |nge, arrangement|
00012d70  2c 20 61 72 72 61 79 2c  20 61 72 72 65 73 74 2c  |, array, arrest,|
00012d80  20 61 72 72 69 76 61 6c  2c 20 61 72 72 69 76 65  | arrival, arrive|
00012d90  2c 20 61 72 72 6f 67 61  6e 63 65 2c 20 61 72 72  |, arrogance, arr|
00012da0  6f 67 61 6e 74 2c 20 61  72 73 6f 6e 2c 20 61 72  |ogant, arson, ar|
00012db0  74 2c 20 61 72 74 65 72  69 61 6c 2c 20 61 72 74  |t, arterial, art|
00012dc0  65 72 79 2c 20 61 72 74  69 63 6c 65 2c 20 61 72  |ery, article, ar|
00012dd0  74 69 63 75 6c 61 74 65  2c 20 61 72 74 69 66 61  |ticulate, artifa|
00012de0  63 74 2c 20 61 72 74 69  66 69 63 69 61 6c 2c 20  |ct, artificial, |
00012df0  61 72 74 69 6c 6c 65 72  79 2c 20 61 72 74 69 73  |artillery, artis|
00012e00  74 2c 20 61 72 74 69 73  74 69 63 2c 20 61 73 63  |t, artistic, asc|
00012e10  65 6e 64 2c 20 61 73 63  65 6e 74 2c 20 61 73 63  |end, ascent, asc|
00012e20  65 72 74 61 69 6e 2c 20  61 73 68 2c 20 61 73 68  |ertain, ash, ash|
00012e30  61 6d 65 64 2c 20 61 73  68 6f 72 65 2c 20 61 73  |amed, ashore, as|
00012e40  69 64 65 2c 20 61 73 6b  2c 20 61 73 6c 65 65 70  |ide, ask, asleep|
00012e50  2c 20 61 73 70 65 63 74  2c 20 61 73 70 69 72 61  |, aspect, aspira|
00012e60  6e 74 2c 20 61 73 70 69  72 69 6e 2c 20 61 73 70  |nt, aspirin, asp|
00012e70  69 72 65 2c 20 61 73 73  61 69 6c 61 6e 74 2c 20  |ire, assailant, |
00012e80  61 73 73 61 75 6c 74 2c  20 61 73 73 65 72 74 2c  |assault, assert,|
00012e90  20 61 73 73 65 73 73 6d  65 6e 74 2c 20 61 73 73  | assessment, ass|
00012ea0  65 74 2c 20 61 73 73 69  67 6e 2c 20 61 73 73 69  |et, assign, assi|
00012eb0  67 6e 6d 65 6e 74 2c 20  61 73 73 69 73 74 2c 20  |gnment, assist, |
00012ec0  61 73 73 69 73 74 61 6e  63 65 2c 20 61 73 73 69  |assistance, assi|
00012ed0  73 74 61 6e 74 2c 20 61  73 73 6f 63 69 61 74 65  |stant, associate|
00012ee0  2c 20 61 73 73 6f 63 69  61 74 69 6f 6e 2c 20 61  |, association, a|
00012ef0  73 73 6f 72 74 6d 65 6e  74 2c 20 61 73 73 75 6d  |ssortment, assum|
00012f00  65 2c 20 61 73 73 75 6d  70 74 69 6f 6e 2c 20 61  |e, assumption, a|
00012f10  73 73 75 72 65 2c 20 61  73 73 75 72 65 64 2c 20  |ssure, assured, |
00012f20  61 73 74 6f 6e 69 73 68  69 6e 67 2c 20 61 73 74  |astonishing, ast|
00012f30  6f 6e 69 73 68 6d 65 6e  74 2c 20 61 73 74 72 6f  |onishment, astro|
00012f40  6e 61 75 74 2c 20 61 73  74 72 6f 6e 6f 6d 79 2c  |naut, astronomy,|
00012f50  20 61 73 74 75 74 65 2c  20 61 73 79 6c 75 6d 2c  | astute, asylum,|
00012f60  20 61 73 79 6e 63 68 72  6f 6e 6f 75 73 2c 20 61  | asynchronous, a|
00012f70  74 68 6c 65 74 65 2c 20  61 74 68 6c 65 74 69 63  |thlete, athletic|
00012f80  2c 20 61 74 6c 61 73 2c  20 61 74 6d 6f 73 70 68  |, atlas, atmosph|
00012f90  65 72 65 2c 20 61 74 6f  6d 2c 20 61 74 6f 6d 69  |ere, atom, atomi|
00012fa0  63 2c 20 61 74 74 61 63  68 2c 20 61 74 74 61 63  |c, attach, attac|
00012fb0  68 6d 65 6e 74 2c 20 61  74 74 61 63 6b 2c 20 61  |hment, attack, a|
00012fc0  74 74 61 69 6e 2c 20 61  74 74 65 6d 70 74 2c 20  |ttain, attempt, |
00012fd0  61 74 74 65 6e 64 2c 20  61 74 74 65 6e 64 61 6e  |attend, attendan|
00012fe0  63 65 2c 20 61 74 74 65  6e 64 61 6e 74 2c 20 61  |ce, attendant, a|
00012ff0  74 74 65 6e 74 69 6f 6e  2c 20 61 74 74 65 6e 74  |ttention, attent|
00013000  00 00 00 00 00 00 00 00  00 00 00 00 00 00 00 00  |................|
*
00014000  54 68 65 2c 20 71 75 69  63 6b 2c 20 62 72 6f 77  |The, quick, brow|
00014010  6e 2c 20 66 6f 78 2c 20  6a 75 6d 70 73 2c 20 6f  |n, fox, jumps, o|
00014020  76 65 72 2c 20 74 68 65  2c 20 6c 61 7a 79 2c 20  |ver, the, lazy, |
00014030  64 6f 67 2c 20 61 6e 64  2c 20 74 68 65 6e 2c 20  |dog, and, then, |
00014040  73 6f 6d 65 2c 20 6d 6f  72 65 2c 20 77 6f 72 64  |some, more, word|
00014050  73 2c 20 66 72 6f 6d 2c  20 74 68 65 2c 20 64 69  |s, from, the, di|
00014060  63 74 69 6f 6e 61 72 79  2c 20 6c 69 6b 65 2c 20  |ctionary, like, |
00014070  61 70 70 6c 65 2c 20 62  61 6e 61 6e 61 2c 20 63  |apple, banana, c|
00014080  68 65 72 72 79 2c 20 67  72 61 70 65 2c 20 6f 72  |herry, grape, or|
00014090  61 6e 67 65 2c 20 70 65  61 63 68 2c 20 6c 65 6d  |ange, peach, lem|
000140a0  6f 6e 2c 20 6c 69 6d 65  2c 20 6d 61 6e 67 6f 2c  |on, lime, mango,|
000140b0  20 70 69 6e 65 61 70 70  6c 65 2c 20 63 6f 63 6f  | pineapple, coco|
000140c0  6e 75 74 2c 20 6b 69 77  69 2c 20 73 74 72 61 77  |nut, kiwi, straw|
000140d0  62 65 72 72 79 2c 20 62  6c 75 65 62 65 72 72 79  |berry, blueberry|
000140e0  2c 20 72 61 73 70 62 65  72 72 79 2c 20 62 6c 61  |, raspberry, bla|
000140f0  63 6b 62 65 72 72 79 2c  20 77 61 74 65 72 6d 65  |ckberry, waterme|
00014100  6c 6f 6e 2c 20 63 61 6e  74 61 6c 6f 75 70 65 2c  |lon, cantaloupe,|
00014110  20 68 6f 6e 65 79 64 65  77 2c 20 67 72 61 70 65  | honeydew, grape|
00014120  66 72 75 69 74 2c 20 61  70 72 69 63 6f 74 2c 20  |fruit, apricot, |
00014130  61 76 6f 63 61 64 6f 2c  20 70 61 70 61 79 61 2c  |avocado, papaya,|
00014140  20 66 69 67 2c 20 70 6f  6d 65 67 72 61 6e 61 74  | fig, pomegranat|
00014150  65 2c 20 70 6c 75 6d 2c  20 74 61 6e 67 65 72 69  |e, plum, tangeri|
00014160  6e 65 2c 20 6e 65 63 74  61 72 69 6e 65 2c 20 70  |ne, nectarine, p|
00014170  65 72 73 69 6d 6d 6f 6e  2c 20 70 61 73 73 69 6f  |ersimmon, passio|
00014180  6e 66 72 75 69 74 2c 20  67 75 61 76 61 2c 20 6c  |nfruit, guava, l|
00014190  79 63 68 65 65 2c 20 65  6c 64 65 72 62 65 72 72  |ychee, elderberr|
000141a0  79 2c 20 63 72 61 6e 62  65 72 72 79 2c 20 67 6f  |y, cranberry, go|
000141b0  6f 73 65 62 65 72 72 79  2c 20 61 61 72 64 76 61  |oseberry, aardva|
000141c0  72 6b 2c 20 61 62 61 63  75 73 2c 20 61 62 61 6e  |rk, abacus, aban|
000141d0  64 6f 6e 2c 20 61 62 64  6f 6d 65 6e 2c 20 61 62  |don, abdomen, ab|
000141e0  64 75 63 74 2c 20 61 62  65 72 72 61 6e 74 2c 20  |duct, aberrant, |
000141f0  61 62 68 6f 72 2c 20 61  62 69 64 65 2c 20 61 62  |abhor, abide, ab|
00014200  69 6c 69 74 79 2c 20 61  62 6a 65 63 74 2c 20 61  |ility, abject, a|
00014210  62 6a 75 72 65 2c 20 61  62 6c 65 2c 20 61 62 6e  |bjure, able, abn|
00014220  6f 72 6d 61 6c 2c 20 61  62 6f 61 72 64 2c 20 61  |ormal, aboard, a|
00014230  62 6f 6c 69 73 68 2c 20  61 62 6f 6d 69 6e 61 62  |bolish, abominab|
00014240  6c 65 2c 20 61 62 6f 72  69 67 69 6e 61 6c 2c 20  |le, aboriginal, |
00014250  61 62 6f 72 74 2c 20 61  62 6f 75 6e 64 2c 20 61  |abort, abound, a|
00014260  62 6f 75 74 2c 20 61 62  6f 76 65 2c 20 61 62 72  |bout, above, abr|
00014270  61 73 69 6f 6e 2c 20 61  62 72 61 73 69 76 65 2c  |asion, abrasive,|
00014280  20 61 62 72 65 61 73 74  2c 20 61 62 72 69 64 67  | abreast, abridg|
00014290  65 2c 20 61 62 72 6f 61  64 2c 20 61 62 72 75 70  |e, abroad, abrup|
000142a0  74 6c 79 2c 20 61 62 73  65 6e 63 65 2c 20 61 62  |tly, absence, ab|
000142b0  73 65 6e 74 2c 20 61 62  73 6f 6c 75 74 65 2c 20  |sent, absolute, |
000142c0  61 62 73 6f 6c 76 65 2c  20 61 62 73 6f 72 62 2c  |absolve, absorb,|
000142d0  20 61 62 73 74 61 69 6e  2c 20 61 62 73 74 72 61  | abstain, abstra|
000142e0  63 74 2c 20 61 62 73 75  72 64 2c 20 61 62 75 6e  |ct, absurd, abun|
000142f0  64 61 6e 74 2c 20 61 62  75 73 65 2c 20 61 62 79  |dant, abuse, aby|
00014300  73 73 2c 20 61 63 61 64  65 6d 69 63 2c 20 61 63  |ss, academic, ac|
00014310  61 64 65 6d 79 2c 20 61  63 63 65 6c 65 72 61 74  |ademy, accelerat|
00014320  65 2c 20 61 63 63 65 6e  74 2c 20 61 63 63 65 70  |e, accent, accep|
00014330  74 2c 20 61 63 63 65 73  73 2c 20 61 63 63 6c 61  |t, access, accla|
00014340  69 6d 2c 20 61 63 63 6f  6d 6d 6f 64 61 74 65 2c  |im, accommodate,|
00014350  20 61 63 63 6f 6d 70 61  6e 79 2c 20 61 63 63 6f  | accompany, acco|
00014360  6d 70 6c 69 73 68 2c 20  61 63 63 6f 72 64 69 6e  |mplish, accordin|
00014370  67 2c 20 61 63 63 6f 75  6e 74 2c 20 61 63 63 6f  |g, account, acco|
00014380  75 6e 74 61 62 6c 65 2c  20 61 63 63 75 6d 75 6c  |untable, accumul|
00014390  61 74 65 2c 20 61 63 63  75 72 61 63 79 2c 20 61  |ate, accuracy, a|
000143a0  63 63 75 72 61 74 65 2c  20 61 63 63 75 73 61 74  |ccurate, accusat|
000143b0  69 6f 6e 2c 20 61 63 63  75 73 65 2c 20 61 63 63  |ion, accuse, acc|
000143c0  75 73 74 6f 6d 65 64 2c  20 61 63 68 69 65 76 65  |ustomed, achieve|
000143d0  2c 20 61 63 6b 6e 6f 77  6c 65 64 67 6d 65 6e 74  |, acknowledgment|
000143e0  2c 20 61 63 71 75 61 69  6e 74 61 6e 63 65 2c 20  |, acquaintance, |
000143f0  61 63 71 75 69 65 73 63  65 2c 20 61 63 71 75 69  |acquiesce, acqui|
00014400  72 65 2c 20 61 63 71 75  69 73 69 74 69 6f 6e 2c  |re, acquisition,|
00014410  20 61 63 72 65 2c 20 61  63 72 6f 73 73 2c 20 61  | acre, across, a|
00014420  63 74 2c 20 61 63 74 69  6f 6e 2c 20 61 63 74 69  |ct, action, acti|
00014430  76 61 74 65 2c 20 61 63  74 69 76 65 2c 20 61 63  |vate, active, ac|
00014440  74 69 76 69 74 79 2c 20  61 63 74 6f 72 2c 20 61  |tivity, actor, a|
00014450  63 74 75 61 6c 2c 20 61  63 74 75 61 6c 6c 79 2c  |ctual, actually,|
00014460  20 61 63 75 74 65 2c 20  61 64 61 67 65 2c 20 61  | acute, adage, a|
00014470  64 61 70 74 2c 20 61 64  61 70 74 65 72 2c 20 61  |dapt, adapter, a|
00014480  64 64 2c 20 61 64 64 69  63 74 2c 20 61 64 64 69  |dd, addict, addi|
00014490  63 74 69 6f 6e 2c 20 61  64 64 69 74 69 6f 6e 2c  |ction, addition,|
000144a0  20 61 64 64 72 65 73 73  2c 20 61 64 68 65 72 65  | address, adhere|
000144b0  2c 20 61 64 6a 61 63 65  6e 74 2c 20 61 64 6a 6f  |, adjacent, adjo|
000144c0  69 6e 2c 20 61 64 6a 75  73 74 2c 20 61 64 6a 75  |in, adjust, adju|
000144d0  73 74 6d 65 6e 74 2c 20  61 64 6d 69 6e 69 73 74  |stment, administ|
000144e0  65 72 2c 20 61 64 6d 69  6e 69 73 74 72 61 74 69  |er, administrati|
000144f0  6f 6e 2c 20 61 64 6d 69  6e 69 73 74 72 61 74 69  |on, administrati|
00014500  76 65 2c 20 61 64 6d 69  72 65 2c 20 61 64 6d 69  |ve, admire, admi|
00014510  73 73 69 6f 6e 2c 20 61  64 6d 69 74 2c 20 61 64  |ssion, admit, ad|
00014520  6f 6c 65 73 63 65 6e 74  2c 20 61 64 6f 70 74 2c  |olescent, adopt,|
00014530  20 61 64 6f 70 74 69 6f  6e 2c 20 61 64 6f 72 65  | adoption, adore|
00014540  2c 20 61 64 6f 72 6e 2c  20 61 64 75 6c 74 2c 20  |, adorn, adult, |
00014550  61 64 76 61 6e 63 65 2c  20 61 64 76 61 6e 63 65  |advance, advance|
00014560  64 2c 20 61 64 76 61 6e  74 61 67 65 2c 20 61 64  |d, advantage, ad|
00014570  76 65 6e 74 75 72 65 2c  20 61 64 76 65 72 73 61  |venture, adversa|
00014580  72 79 2c 20 61 64 76 65  72 74 69 73 65 2c 20 61  |ry, advertise, a|
00014590  64 76 65 72 74 69 73 65  6d 65 6e 74 2c 20 61 64  |dvertisement, ad|
000145a0  76 65 72 74 69 73 69 6e  67 2c 20 61 64 76 69 63  |vertising, advic|
000145b0  65 2c 20 61 64 76 69 73  65 2c 20 61 64 76 69 73  |e, advise, advis|
000145c0  65 72 2c 20 61 64 76 6f  63 61 74 65 2c 20 61 65  |er, advocate, ae|
000145d0  72 69 61 6c 2c 20 61 66  66 61 69 72 2c 20 61 66  |rial, affair, af|
000145e0  66 65 63 74 2c 20 61 66  66 65 63 74 69 6f 6e 2c  |fect, affection,|
000145f0  20 61 66 66 69 6c 69 61  74 65 2c 20 61 66 66 69  | affiliate, affi|
00014600  72 6d 2c 20 61 66 66 69  72 6d 61 74 69 76 65 2c  |rm, affirmative,|
00014610  20 61 66 66 6f 72 64 2c  20 61 66 72 61 69 64 2c  | afford, afraid,|
00014620  20 61 66 74 65 72 2c 20  61 66 74 65 72 6e 6f 6f  | after, afternoo|
00014630  6e 2c 20 61 66 74 65 72  77 61 72 64 2c 20 61 67  |n, afterward, ag|
00014640  61 69 6e 2c 20 61 67 61  69 6e 73 74 2c 20 61 67  |ain, against, ag|
00014650  65 2c 20 61 67 65 6e 63  79 2c 20 61 67 65 6e 64  |e, agency, agend|
00014660  61 2c 20 61 67 65 6e 74  2c 20 61 67 67 72 65 73  |a, agent, aggres|
00014670  73 69 76 65 2c 20 61 67  67 72 65 73 73 69 6f 6e  |sive, aggression|
00014680  2c 20 61 67 67 72 65 73  73 69 76 65 2c 20 61 67  |, aggressive, ag|
00014690  69 6c 65 2c 20 61 67 69  6c 69 74 79 2c 20 61 67  |ile, agility, ag|
000146a0  69 74 61 74 65 2c 20 61  67 6f 6e 79 2c 20 61 67  |itate, agony, ag|
000146b0  72 65 65 2c 20 61 67 72  65 65 6d 65 6e 74 2c 20  |ree, agreement, |
000146c0  61 67 72 69 63 75 6c 74  75 72 65 2c 20 61 68 65  |agriculture, ahe|
000146d0  61 64 2c 20 61 69 64 2c  20 61 69 6c 6d 65 6e 74  |ad, aid, ailment|
000146e0  2c 20 61 69 6d 2c 20 61  69 72 2c 20 61 69 72 70  |, aim, air, airp|
000146f0  6c 61 6e 65 2c 20 61 69  72 70 6f 72 74 2c 20 61  |lane, airport, a|
00014700  69 73 6c 65 2c 20 61 6c  61 72 6d 2c 20 61 6c 62  |isle, alarm, alb|
00014710  61 74 72 6f 73 73 2c 20  61 6c 62 75 6d 2c 20 61  |atross, album, a|
00014720  6c 63 6f 68 6f 6c 2c 20  61 6c 65 72 74 2c 20 61  |lcohol, alert, a|
00014730  6c 67 65 62 72 61 2c 20  61 6c 69 65 6e 2c 20 61  |lgebra, alien, a|
00014740  6c 69 65 6e 61 74 65 2c  20 61 6c 69 67 6e 2c 20  |lienate, align, |
00014750  61 6c 69 6b 65 2c 20 61  6c 69 76 65 2c 20 61 6c  |alike, alive, al|
00014760  6c 2c 20 61 6c 6c 6f 63  61 74 65 2c 20 61 6c 6c  |l, allocate, all|
00014770  6f 74 2c 20 61 6c 6c 6f  77 2c 20 61 6c 6c 6f 79  |ot, allow, alloy|
00014780  2c 20 61 6c 6c 75 64 65  2c 20 61 6c 6c 75 72 65  |, allude, allure|
00014790  2c 20 61 6c 6c 79 2c 20  61 6c 6d 6f 73 74 2c 20  |, ally, almost, |
000147a0  61 6c 6f 6e 65 2c 20 61  6c 6f 6e 67 2c 20 61 6c  |alone, along, al|
000147b0  6f 6e 67 73 69 64 65 2c  20 61 6c 6f 75 64 2c 20  |ongside, aloud, |
000147c0  61 6c 70 68 61 62 65 74  2c 20 61 6c 72 65 61 64  |alphabet, alread|
000147d0  79 2c 20 61 6c 73 6f 2c  20 61 6c 74 65 72 2c 20  |y, also, alter, |
000147e0  61 6c 74 65 72 6e 61 74  65 2c 20 61 6c 74 65 72  |alternate, alter|
000147f0  6e 61 74 69 76 65 2c 20  61 6c 74 68 6f 75 67 68  |native, although|
00014800  2c 20 61 6c 74 69 74 75  64 65 2c 20 61 6c 74 6f  |, altitude, alto|
00014810  67 65 74 68 65 72 2c 20  61 6c 77 61 79 73 2c 20  |gether, always, |
00014820  61 6d 61 6c 67 61 6d 61  74 65 2c 20 61 6d 61 73  |amalgamate, amas|
00014830  73 2c 20 61 6d 61 74 65  75 72 2c 20 61 6d 61 7a  |s, amateur, amaz|
00014840  69 6e 67 2c 20 61 6d 62  69 74 69 6f 6e 2c 20 61  |ing, ambition, a|
00014850  6d 62 69 74 69 6f 75 73  2c 20 61 6d 62 75 6c 61  |mbitious, ambula|
00014860  6e 63 65 2c 20 61 6d 62  75 73 68 2c 20 61 6d 65  |nce, ambush, ame|
00014870  6e 61 62 6c 65 2c 20 61  6d 65 6e 64 2c 20 61 6d  |nable, amend, am|
00014880  65 6e 64 6d 65 6e 74 2c  20 61 6d 65 6e 69 74 69  |endment, ameniti|
00014890  65 73 2c 20 61 6d 69 61  62 6c 65 2c 20 61 6d 69  |es, amiable, ami|
000148a0  63 61 62 6c 65 2c 20 61  6d 69 64 2c 20 61 6d 69  |cable, amid, ami|
000148b0  64 73 74 2c 20 61 6d 6d  75 6e 69 74 69 6f 6e 2c  |dst, ammunition,|
000148c0  20 61 6d 6e 65 73 69 61  2c 20 61 6d 6f 6e 67 2c  | amnesia, among,|
000148d0  20 61 6d 6f 75 6e 74 2c  20 61 6d 70 6c 65 2c 20  | amount, ample, |
000148e0  61 6d 70 6c 69 66 79 2c  20 61 6d 75 73 65 2c 20  |amplify, amuse, |
000148f0  61 6d 75 73 65 6d 65 6e  74 2c 20 61 6e 61 63 6f  |amusement, anaco|
00014900  6e 64 61 2c 20 61 6e 61  6c 6f 67 79 2c 20 61 6e  |nda, analogy, an|
00014910  61 6c 79 73 69 73 2c 20  61 6e 61 6c 79 73 74 2c  |alysis, analyst,|
00014920  20 61 6e 61 6c 79 7a 65  2c 20 61 6e 63 65 73 74  | analyze, ancest|
00014930  6f 72 2c 20 61 6e 63 68  6f 72 2c 20 61 6e 63 69  |or, anchor, anci|
00014940  65 6e 74 2c 20 61 6e 64  2c 20 61 6e 65 63 64 6f  |ent, and, anecdo|
00014950  74 65 2c 20 61 6e 65 73  74 68 65 73 69 61 2c 20  |te, anesthesia, |
00014960  61 6e 65 77 2c 20 61 6e  67 65 6c 2c 20 61 6e 67  |anew, angel, ang|
00014970  65 72 2c 20 61 6e 67 6c  65 2c 20 61 6e 67 72 79  |er, angle, angry|
00014980  2c 20 61 6e 69 6d 61 6c  2c 20 61 6e 69 6d 61 74  |, animal, animat|
00014990  65 2c 20 61 6e 69 6d 61  74 69 6f 6e 2c 20 61 6e  |e, animation, an|
000149a0  6b 6c 65 2c 20 61 6e 6e  65 78 2c 20 61 6e 6e 69  |kle, annex, anni|
000149b0  68 69 6c 61 74 65 2c 20  61 6e 6e 6f 75 6e 63 65  |hilate, announce|
000149c0  2c 20 61 6e 6e 6f 79 61  6e 63 65 2c 20 61 6e 6e  |, annoyance, ann|
000149d0  75 61 6c 2c 20 61 6e 6f  6d 61 6c 79 2c 20 61 6e  |ual, anomaly, an|
000149e0  6f 6e 79 6d 6f 75 73 2c  20 61 6e 73 77 65 72 2c  |onymous, answer,|
000149f0  20 61 6e 74 65 6e 6e 61  2c 20 61 6e 74 68 65 6d  | antenna, anthem|
00014a00  2c 20 61 6e 74 68 6f 6c  6f 67 79 2c 20 61 6e 74  |, anthology, ant|
00014a10  69 63 69 70 61 74 69 6f  6e 2c 20 61 6e 74 69 71  |icipation, antiq|
00014a20  75 65 2c 20 61 6e 74 6c  65 72 2c 20 61 6e 78 69  |ue, antler, anxi|
00014a30  65 74 79 2c 20 61 6e 78  69 6f 75 73 2c 20 61 6e  |ety, anxious, an|
00014a40  79 2c 20 61 6e 79 62 6f  64 79 2c 20 61 6e 79 68  |y, anybody, anyh|
00014a50  6f 77 2c 20 61 6e 79 6f  6e 65 2c 20 61 6e 79 74  |ow, anyone, anyt|
00014a60  68 69 6e 67 2c 20 61 6e  79 77 61 79 2c 20 61 6e  |hing, anyway, an|
00014a70  79 77 68 65 72 65 2c 20  61 70 61 72 74 2c 20 61  |ywhere, apart, a|
00014a80  70 61 72 74 6d 65 6e 74  2c 20 61 70 61 74 68 79  |partment, apathy|
00014a90  2c 20 61 70 65 2c 20 61  70 65 72 74 75 72 65 2c  |, ape, aperture,|
00014aa0  20 61 70 65 78 2c 20 61  70 69 65 63 65 2c 20 61  | apex, apiece, a|
00014ab0  70 6c 6f 6d 62 2c 20 61  70 6f 63 61 6c 79 70 73  |plomb, apocalyps|
00014ac0  65 2c 20 61 70 6f 6c 6f  67 65 74 69 63 2c 20 61  |e, apologetic, a|
00014ad0  70 6f 6c 6f 67 69 7a 65  2c 20 61 70 6f 73 74 6c  |pologize, apostl|
00014ae0  65 2c 20 61 70 70 61 6c  6c 69 6e 67 2c 20 61 70  |e, appalling, ap|
00014af0  70 61 6c 6c 69 6e 67 6c  79 2c 20 61 70 70 61 72  |pallingly, appar|
00014b00  61 74 75 73 2c 20 61 70  70 61 72 65 6c 2c 20 61  |atus, apparel, a|
00014b10  70 70 61 72 65 6e 74 2c  20 61 70 70 61 72 65 6e  |pparent, apparen|
00014b20  74 6c 79 2c 20 61 70 70  65 61 6c 2c 20 61 70 70  |tly, appeal, app|
00014b30  65 61 6c 69 6e 67 2c 20  61 70 70 65 61 72 2c 20  |ealing, appear, |
00014b40  61 70 70 65 61 72 61 6e  63 65 2c 20 61 70 70 65  |appearance, appe|
00014b50  61 73 65 2c 20 61 70 70  65 74 69 74 65 2c 20 61  |ase, appetite, a|
00014b60  70 70 6c 61 75 64 2c 20  61 70 70 6c 61 75 73 65  |pplaud, applause|
00014b70  2c 20 61 70 70 6c 65 2c  20 61 70 70 6c 69 61 6e  |, apple, applian|
00014b80  63 65 2c 20 61 70 70 6c  69 63 61 62 6c 65 2c 20  |ce, applicable, |
00014b90  61 70 70 6c 69 63 61 74  69 6f 6e 2c 20 61 70 70  |application, app|
00014ba0  6c 79 2c 20 61 70 70 6f  69 6e 74 2c 20 61 70 70  |ly, appoint, app|
00014bb0  6f 69 6e 74 6d 65 6e 74  2c 20 61 70 70 72 61 69  |ointment, apprai|
00014bc0  73 61 6c 2c 20 61 70 70  72 61 69 73 65 2c 20 61  |sal, appraise, a|
00014bd0  70 70 72 65 63 69 61 74  65 2c 20 61 70 70 72 6f  |ppreciate, appro|
00014be0  61 63 68 2c 20 61 70 70  72 6f 70 72 69 61 74 65  |ach, appropriate|
00014bf0  2c 20 61 70 70 72 6f 76  61 6c 2c 20 61 70 70 72  |, approval, appr|
00014c00  6f 76 65 2c 20 61 70 70  72 6f 78 69 6d 61 74 65  |ove, approximate|
00014c10  2c 20 61 70 70 72 6f 78  69 6d 61 74 65 6c 79 2c  |, approximately,|
00014c20  20 61 70 72 6f 6e 2c 20  61 70 74 2c 20 61 70 74  | apron, apt, apt|
00014c30  69 74 75 64 65 2c 20 61  72 62 69 74 72 61 72 79  |itude, arbitrary|
00014c40  2c 20 61 72 62 69 74 72  61 74 6f 72 2c 20 61 72  |, arbitrator, ar|
00014c50  63 61 64 65 2c 20 61 72  63 68 2c 20 61 72 63 68  |cade, arch, arch|
00014c60  61 69 63 2c 20 61 72 63  68 62 69 73 68 6f 70 2c  |aic, archbishop,|
00014c70  20 61 72 63 68 69 74 65  63 74 75 72 65 2c 20 61  | architecture, a|
00014c80  72 63 68 69 76 65 2c 20  61 72 63 74 69 63 2c 20  |rchive, arctic, |
00014c90  61 72 64 65 6e 74 6c 79  2c 20 61 72 65 61 2c 20  |ardently, area, |
00014ca0  61 72 65 6e 61 2c 20 61  72 67 75 65 2c 20 61 72  |arena, argue, ar|
00014cb0  67 75 6d 65 6e 74 2c 20  61 72 69 64 2c 20 61 72  |gument, arid, ar|
00014cc0  69 73 65 2c 20 61 72 69  74 68 6d 65 74 69 63 2c  |ise, arithmetic,|
00014cd0  20 61 72 6d 2c 20 61 72  6d 61 64 61 2c 20 61 72  | arm, armada, ar|
00014ce0  6d 61 6d 65 6e 74 2c 20  61 72 6d 63 68 61 69 72  |mament, armchair|
00014cf0  2c 20 61 72 6d 65 64 2c  20 61 72 6d 6f 72 2c 20  |, armed, armor, |
00014d00  61 72 6d 6f 72 79 2c 20  61 72 6d 73 2c 20 61 72  |armory, arms, ar|
00014d10  6d 79 2c 20 61 72 6f 6d  61 2c 20 61 72 6f 6d 61  |my, aroma, aroma|
00014d20  74 69 63 2c 20 61 72 6f  75 6e 64 2c 20 61 72 6f  |tic, around, aro|
00014d30  75 73 61 6c 2c 20 61 72  72 61 6e 67 65 2c 20 61  |usal, arrange, a|
00014d40  72 72 61 6e 67 65 6d 65  6e 74 2c 20 61 72 72 61  |rrangement, arra|
00014d50  79 2c 20 61 72 72 65 73  74 2c 20 61 72 72 69 76  |y, arrest, arriv|
00014d60  61 6c 2c 20 61 72 72 69  76 65 2c 20 61 72 72 6f  |al, arrive, arro|
00014d70  67 61 6e 63 65 2c 20 61  72 72 6f 67 61 6e 74 2c  |gance, arrogant,|
00014d80  20 61 72 73 6f 6e 2c 20  61 72 74 2c 20 61 72 74  | arson, art, art|
00014d90  65 72 69 61 6c 2c 20 61  72 74 65 72 79 2c 20 61  |erial, artery, a|
00014da0  72 74 69 63 6c 65 2c 20  61 72 74 69 63 75 6c 61  |rticle, articula|
00014db0  74 65 2c 20 61 72 74 69  66 61 63 74 2c 20 61 72  |te, artifact, ar|
00014dc0  74 69 66 69 63 69 61 6c  2c 20 61 72 74 69 6c 6c  |tificial, artill|
00014dd0  65 72 79 2c 20 61 72 74  69 73 74 2c 20 61 72 74  |ery, artist, art|
00014de0  69 73 74 69 63 2c 20 61  73 63 65 6e 64 2c 20 61  |istic, ascend, a|
00014df0  73 63 65 6e 74 2c 20 61  73 63 65 72 74 61 69 6e  |scent, ascertain|
00014e00  2c 20 61 73 68 2c 20 61  73 68 61 6d 65 64 2c 20  |, ash, ashamed, |
00014e10  61 73 68 6f 72 65 2c 20  61 73 69 64 65 2c 20 61  |ashore, aside, a|
00014e20  73 6b 2c 20 61 73 6c 65  65 70 2c 20 61 73 70 65  |sk, asleep, aspe|
00014e30  63 74 2c 20 61 73 70 69  72 61 6e 74 2c 20 61 73  |ct, aspirant, as|
00014e40  70 69 72 69 6e 2c 20 61  73 70 69 72 65 2c 20 61  |pirin, aspire, a|
00014e50  73 73 61 69 6c 61 6e 74  2c 20 61 73 73 61 75 6c  |ssailant, assaul|
00014e60  74 2c 20 61 73 73 65 72  74 2c 20 61 73 73 65 73  |t, assert, asses|
00014e70  73 6d 65 6e 74 2c 20 61  73 73 65 74 2c 20 61 73  |sment, asset, as|
00014e80  73 69 67 6e 2c 20 61 73  73 69 67 6e 6d 65 6e 74  |sign, assignment|
00014e90  2c 20 61 73 73 69 73 74  2c 20 61 73 73 69 73 74  |, assist, assist|
00014ea0  61 6e 63 65 2c 20 61 73  73 69 73 74 61 6e 74 2c  |ance, assistant,|
00014eb0  20 61 73 73 6f 63 69 61  74 65 2c 20 61 73 73 6f  | associate, asso|
00014ec0  63 69 61 74 69 6f 6e 2c  20 61 73 73 6f 72 74 6d  |ciation, assortm|
00014ed0  65 6e 74 2c 20 61 73 73  75 6d 65 2c 20 61 73 73  |ent, assume, ass|
00014ee0  75 6d 70 74 69 6f 6e 2c  20 61 73 73 75 72 65 2c  |umption, assure,|
00014ef0  20 61 73 73 75 72 65 64  2c 20 61 73 74 6f 6e 69  | assured, astoni|
00014f00  73 68 69 6e 67 2c 20 61  73 74 6f 6e 69 73 68 6d  |shing, astonishm|
00014f10  65 6e 74 2c 20 61 73 74  72 6f 6e 61 75 74 2c 20  |ent, astronaut, |
00014f20  61 73 74 72 6f 6e 6f 6d  79 2c 20 61 73 74 75 74  |astronomy, astut|
00014f30  65 2c 20 61 73 79 6c 75  6d 2c 20 61 73 79 6e 63  |e, asylum, async|
00014f40  68 72 6f 6e 6f 75 73 2c  20 61 74 68 6c 65 74 65  |hronous, athlete|
00014f50  2c 20 61 74 68 6c 65 74  69 63 2c 20 61 74 6c 61  |, athletic, atla|
00014f60  73 2c 20 61 74 6d 6f 73  70 68 65 72 65 2c 20 61  |s, atmosphere, a|
00014f70  74 6f 6d 2c 20 61 74 6f  6d 69 63 2c 20 61 74 74  |tom, atomic, att|
00014f80  61 63 68 2c 20 61 74 74  61 63 68 6d 65 6e 74 2c  |ach, attachment,|
00014f90  20 61 74 74 61 63 6b 2c  20 61 74 74 61 69 6e 2c  | attack, attain,|
00014fa0  20 61 74 74 65 6d 70 74  2c 20 61 74 74 65 6e 64  | attempt, attend|
00014fb0  2c 20 61 74 74 65 6e 64  61 6e 63 65 2c 20 61 74  |, attendance, at|
00014fc0  74 65 6e 64 61 6e 74 2c  20 61 74 74 65 6e 74 69  |tendant, attenti|
00014fd0  6f 6e 2c 20 61 74 74 65  6e 74 69 76 65 2c 20 61  |on, attentive, a|
00014fe0  74 74 69 63 2c 20 61 74  74 69 72 65 2c 20 61 74  |ttic, attire, at|
00014ff0  74 69 74 75 64 65 2c 20  61 74 74 6f 72 6e 65 79  |titude, attorney|
00015000  00 00 00 00 00 00 00 00  00 00 00 00 00 00 00 00  |................|
*
00016000  31 32 33 34 35 36 37 38  39 30 00 00 00 00 00 00  |1234567890......|
00016010  00 00 00 00 00 00 00 00  00 00 00 00 00 00 00 00  |................|
*
00018000  2c 20 61 74 74 72 61 63  74 2c 20 61 74 74 72 61  |, attract, attra|
00018010  63 74 69 6f 6e 2c 20 61  74 74 72 61 63 74 69 76  |ction, attractiv|
00018020  65 2c 20 61 74 74 72 69  62 75 74 65 2c 20 61 75  |e, attribute, au|
00018030  63 74 69 6f 6e 2c 20 61  75 63 74 69 6f 6e 65 65  |ction, auctionee|
00018040  72 2c 20 61 75 64 61 63  69 6f 75 73 2c 20 61 75  |r, audacious, au|
00018050  64 69 62 6c 65 2c 20 61  75 64 69 65 6e 63 65 2c  |dible, audience,|
00018060  20 61 75 64 69 6f 2c 20  61 75 64 69 74 2c 20 61  | audio, audit, a|
00018070  75 64 69 74 69 6f 6e 2c  20 61 75 64 69 74 6f 72  |udition, auditor|
00018080  69 75 6d 2c 20 61 75 67  6d 65 6e 74 2c 20 61 75  |ium, augment, au|
00018090  67 75 72 2c 20 41 75 67  75 73 74 2c 20 61 75 6e  |gur, August, aun|
000180a0  74 2c 20 61 75 74 68 65  6e 74 69 63 61 74 65 2c  |t, authenticate,|
000180b0  20 61 75 74 68 6f 72 2c  20 61 75 74 68 6f 72 69  | author, authori|
000180c0  74 79 2c 20 61 75 74 68  6f 72 69 7a 65 2c 20 61  |ty, authorize, a|
000180d0  75 74 6f 2c 20 61 75 74  6f 62 69 6f 67 72 61 70  |uto, autobiograp|
000180e0  68 79 2c 20 61 75 74 6f  6d 61 74 69 63 2c 20 61  |hy, automatic, a|
000180f0  75 74 6f 6d 6f 62 69 6c  65 2c 20 61 75 74 6f 6e  |utomobile, auton|
00018100  6f 6d 6f 75 73 2c 20 61  75 74 6f 6e 6f 6d 79 2c  |omous, autonomy,|
00018110  20 61 75 74 75 6d 6e 2c  20 61 75 78 69 6c 69 61  | autumn, auxilia|
00018120  72 79 2c 20 61 76 61 69  6c 2c 20 61 76 61 69 6c  |ry, avail, avail|
00018130  61 62 6c 65 2c 20 61 76  61 6c 61 6e 63 68 65 2c  |able, avalanche,|
00018140  20 61 76 65 6e 75 65 2c  20 61 76 65 72 61 67 65  | avenue, average|
00018150  2c 20 61 76 65 72 6d 65  6e 74 2c 20 61 76 65 72  |, averment, aver|
00018160  73 69 6f 6e 2c 20 61 76  65 72 73 65 2c 20 61 76  |sion, averse, av|
00018170  65 72 74 2c 20 61 76 69  61 74 69 6f 6e 2c 20 61  |ert, aviation, a|
00018180  76 69 64 2c 20 61 76 6f  63 61 64 6f 2c 20 61 76  |vid, avocado, av|
00018190  6f 69 64 2c 20 61 76 6f  69 64 61 6e 63 65 2c 20  |oid, avoidance, |
000181a0  61 77 61 69 74 2c 20 61  77 61 6b 65 2c 20 61 77  |await, awake, aw|
000181b0  61 6b 65 6e 2c 20 61 77  61 72 64 2c 20 61 77 61  |aken, award, awa|
000181c0  72 65 2c 20 61 77 61 72  65 6e 65 73 73 2c 20 61  |re, awareness, a|
000181d0  77 61 79 2c 20 61 77 65  2c 20 61 77 65 73 6f 6d  |way, awe, awesom|
000181e0  65 2c 20 61 77 66 75 6c  2c 20 61 77 6b 77 61 72  |e, awful, awkwar|
000181f0  64 2c 20 61 78 65 2c 20  61 78 69 73 2c 20 62 61  |d, axe, axis, ba|
00018200  62 62 6c 65 2c 20 62 61  62 65 2c 20 62 61 62 79  |bble, babe, baby|
00018210  2c 20 62 61 63 68 65 6c  6f 72 2c 20 62 61 63 6b  |, bachelor, back|
00018220  2c 20 62 61 63 6b 62 6f  6e 65 2c 20 62 61 63 6b  |, backbone, back|
00018230  64 72 6f 70 2c 20 62 61  63 6b 67 72 6f 75 6e 64  |drop, background|
00018240  2c 20 62 61 63 6b 68 61  6e 64 2c 20 62 61 63 6b  |, backhand, back|
00018250  6c 61 73 68 2c 20 62 61  63 6b 6c 6f 67 2c 20 62  |lash, backlog, b|
00018260  61 63 6b 70 61 63 6b 2c  20 62 61 63 6b 73 65 61  |ackpack, backsea|
00018270  74 2c 20 62 61 63 6b 73  69 64 65 2c 20 62 61 63  |t, backside, bac|
00018280  6b 73 6c 69 64 65 2c 20  62 61 63 6b 73 70 61 63  |kslide, backspac|
00018290  65 2c 20 62 61 63 6b 73  74 61 62 62 65 72 2c 20  |e, backstabber, |
000182a0  62 61 63 6b 73 74 61 67  65 2c 20 62 61 63 6b 73  |backstage, backs|
000182b0  74 72 6f 6b 65 2c 20 62  61 63 6b 75 70 2c 20 62  |troke, backup, b|
000182c0  61 63 6b 77 61 72 64 2c  20 62 61 63 6b 79 61 72  |ackward, backyar|
000182d0  64 2c 20 62 61 63 6f 6e  2c 20 62 61 63 74 65 72  |d, bacon, bacter|
000182e0  69 61 2c 20 62 61 64 2c  20 62 61 64 67 65 2c 20  |ia, bad, badge, |
000182f0  62 61 64 67 65 72 2c 20  62 61 64 6c 79 2c 20 62  |badger, badly, b|
00018300  61 66 66 6c 65 2c 20 62  61 67 2c 20 62 61 67 67  |affle, bag, bagg|
00018310  61 67 65 2c 20 62 61 67  67 79 2c 20 62 61 69 6c  |age, baggy, bail|
00018320  2c 20 62 61 69 74 2c 20  62 61 6b 65 2c 20 62 61  |, bait, bake, ba|
00018330  6b 65 72 79 2c 20 62 61  6c 61 6e 63 65 2c 20 62  |kery, balance, b|
00018340  61 6c 63 6f 6e 79 2c 20  62 61 6c 64 2c 20 62 61  |alcony, bald, ba|
00018350  6c 65 2c 20 62 61 6c 6b  2c 20 62 61 6c 6c 2c 20  |le, balk, ball, |
00018360  62 61 6c 6c 61 64 2c 20  62 61 6c 6c 61 73 74 2c  |ballad, ballast,|
00018370  20 62 61 6c 6c 65 74 2c  20 62 61 6c 6c 69 73 74  | ballet, ballist|
00018380  69 63 2c 20 62 61 6c 6c  6f 6f 6e 2c 20 62 61 6c  |ic, balloon, bal|
00018390  6c 6f 74 2c 20 62 61 6c  6c 70 61 72 6b 2c 20 62  |lot, ballpark, b|
000183a0  61 6c 6d 2c 20 62 61 6c  6d 79 2c 20 62 61 6d 62  |alm, balmy, bamb|
000183b0  6f 6f 2c 20 62 61 6e 2c  20 62 61 6e 61 6e 61 2c  |oo, ban, banana,|
000183c0  20 62 61 6e 64 2c 20 62  61 6e 64 61 67 65 2c 20  | band, bandage, |
000183d0  62 61 6e 64 69 74 2c 20  62 61 6e 67 2c 20 62 61  |bandit, bang, ba|
000183e0  6e 69 73 68 2c 20 62 61  6e 69 73 74 65 72 2c 20  |nish, banister, |
000183f0  62 61 6e 6b 2c 20 62 61  6e 6b 65 72 2c 20 62 61  |bank, banker, ba|
00018400  6e 6b 72 75 70 74 2c 20  62 61 6e 6b 72 75 70 74  |nkrupt, bankrupt|
00018410  63 79 2c 20 62 61 6e 6e  65 72 2c 20 62 61 6e 74  |cy, banner, bant|
00018420  65 72 2c 20 62 61 70 74  69 73 6d 2c 20 62 61 72  |er, baptism, bar|
00018430  2c 20 62 61 72 62 61 72  69 63 2c 20 62 61 72 62  |, barbaric, barb|
00018440  65 63 75 65 2c 20 62 61  72 64 2c 20 62 61 72 65  |ecue, bard, bare|
00018450  2c 20 62 61 72 65 66 6f  6f 74 2c 20 62 61 72 65  |, barefoot, bare|
00018460  6c 79 2c 20 62 61 72 67  61 69 6e 2c 20 62 61 72  |ly, bargain, bar|
00018470  67 65 2c 20 62 61 72 6b  2c 20 62 61 72 6c 65 79  |ge, bark, barley|
00018480  2c 20 62 61 72 6e 2c 20  62 61 72 6f 6d 65 74 65  |, barn, baromete|
00018490  72 2c 20 62 61 72 72 61  63 6b 2c 20 62 61 72 72  |r, barrack, barr|
000184a0  61 67 65 2c 20 62 61 72  72 65 6c 2c 20 62 61 72  |age, barrel, bar|
000184b0  72 65 6e 2c 20 62 61 72  72 69 63 61 64 65 2c 20  |ren, barricade, |
000184c0  62 61 72 72 69 65 72 2c  20 62 61 73 65 2c 20 62  |barrier, base, b|
000184d0  61 73 65 62 61 6c 6c 2c  20 62 61 73 65 6d 65 6e  |aseball, basemen|
000184e0  74 2c 20 62 61 73 68 2c  20 62 61 73 68 66 75 6c  |t, bash, bashful|
000184f0  2c 20 62 61 73 69 63 2c  20 62 61 73 69 6c 2c 20  |, basic, basil, |
00018500  62 61 73 69 6e 2c 20 62  61 73 69 73 2c 20 62 61  |basin, basis, ba|
00018510  73 6b 65 74 2c 20 62 61  73 6b 65 74 62 61 6c 6c  |sket, basketball|
00018520  2c 20 62 61 73 73 2c 20  62 61 73 73 69 6e 65 74  |, bass, bassinet|
00018530  2c 20 62 61 73 74 61 72  64 2c 20 62 61 74 2c 20  |, bastard, bat, |
00018540  62 61 74 63 68 2c 20 62  61 74 68 2c 20 62 61 74  |batch, bath, bat|
00018550  68 72 6f 62 65 2c 20 62  61 74 68 72 6f 6f 6d 2c  |hrobe, bathroom,|
00018560  20 62 61 74 68 74 75 62  2c 20 62 61 74 74 65 72  | bathtub, batter|
00018570  2c 20 62 61 74 74 65 72  79 2c 20 62 61 74 74 6c  |, battery, battl|
00018580  65 2c 20 62 61 77 6c 2c  20 62 61 79 2c 20 62 61  |e, bawl, bay, ba|
00018590  79 6f 6e 65 74 2c 20 62  61 79 6f 75 2c 20 62 65  |yonet, bayou, be|
000185a0  61 63 68 2c 20 62 65 61  63 6f 6e 2c 20 62 65 61  |ach, beacon, bea|
000185b0  64 2c 20 62 65 61 6b 2c  20 62 65 61 6d 2c 20 62  |d, beak, beam, b|
000185c0  65 61 6e 2c 20 62 65 61  72 2c 20 62 65 61 72 64  |ean, bear, beard|
000185d0  2c 20 62 65 61 72 65 72  2c 20 62 65 61 73 74 2c  |, bearer, beast,|
000185e0  20 62 65 61 74 2c 20 62  65 61 74 69 6e 67 2c 20  | beat, beating, |
000185f0  62 65 61 75 74 69 66 75  6c 2c 20 62 65 61 75 74  |beautiful, beaut|
00018600  79 2c 20 62 65 61 76 65  72 2c 20 62 65 63 61 75  |y, beaver, becau|
00018610  73 65 2c 20 62 65 63 6b  6f 6e 2c 20 62 65 63 6f  |se, beckon, beco|
00018620  6d 65 2c 20 62 65 64 2c  20 62 65 64 62 75 67 2c  |me, bed, bedbug,|
00018630  20 62 65 64 6c 61 6d 2c  20 62 65 64 72 6f 63 6b  | bedlam, bedrock|
00018640  2c 20 62 65 64 72 6f 6f  6d 2c 20 62 65 64 73 69  |, bedroom, bedsi|
00018650  64 65 2c 20 62 65 64 73  70 72 65 61 64 2c 20 62  |de, bedspread, b|
00018660  65 64 73 74 65 61 64 2c  20 62 65 64 74 69 6d 65  |edstead, bedtime|
00018670  2c 20 62 65 65 2c 20 62  65 65 66 2c 20 62 65 65  |, bee, beef, bee|
00018680  66 79 2c 20 62 65 65 68  69 76 65 2c 20 62 65 65  |fy, beehive, bee|
00018690  6e 2c 20 62 65 65 70 2c  20 62 65 65 72 2c 20 62  |n, beep, beer, b|
000186a0  65 65 74 6c 65 2c 20 62  65 66 6f 72 65 2c 20 62  |eetle, before, b|
000186b0  65 66 6f 72 65 68 61 6e  64 2c 20 62 65 67 2c 20  |eforehand, beg, |
000186c0  62 65 67 67 61 72 2c 20  62 65 67 69 6e 2c 20 62  |beggar, begin, b|
000186d0  65 67 69 6e 6e 65 72 2c  20 62 65 67 69 6e 6e 69  |eginner, beginni|
000186e0  6e 67 2c 20 62 65 68 61  6c 66 2c 20 62 65 68 61  |ng, behalf, beha|
000186f0  76 65 2c 20 62 65 68 61  76 69 6f 72 2c 20 62 65  |ve, behavior, be|
00018700  68 65 61 64 2c 20 62 65  68 69 6e 64 2c 20 62 65  |head, behind, be|
00018710  68 6f 6c 64 2c 20 62 65  69 6e 67 2c 20 62 65 6c  |hold, being, bel|
00018720  61 74 65 64 2c 20 62 65  6c 63 68 2c 20 62 65 6c  |ated, belch, bel|
00018730  65 61 67 75 65 72 2c 20  62 65 6c 69 65 66 2c 20  |eaguer, belief, |
00018740  62 65 6c 69 65 76 61 62  6c 65 2c 20 62 65 6c 69  |believable, beli|
00018750  65 76 65 2c 20 62 65 6c  69 74 74 6c 65 2c 20 62  |eve, belittle, b|
00018760  65 6c 6c 2c 20 62 65 6c  6c 62 6f 79 2c 20 62 65  |ell, bellboy, be|
00018770  6c 6c 69 67 65 72 65 6e  74 2c 20 62 65 6c 6c 6f  |lligerent, bello|
00018780  77 73 2c 20 62 65 6c 6c  79 2c 20 62 65 6c 6f 6e  |ws, belly, belon|
00018790  67 2c 20 62 65 6c 6f 76  65 64 2c 20 62 65 6c 6f  |g, beloved, belo|
000187a0  77 2c 20 62 65 6c 74 2c  20 62 65 6d 6f 61 6e 2c  |w, belt, bemoan,|
000187b0  20 62 65 6e 63 68 2c 20  62 65 6e 63 68 77 61 72  | bench, benchwar|
000187c0  6d 65 72 2c 20 62 65 6e  64 2c 20 62 65 6e 65 61  |mer, bend, benea|
000187d0  74 68 2c 20 62 65 6e 65  66 69 63 69 61 6c 2c 20  |th, beneficial, |
000187e0  62 65 6e 65 66 69 74 2c  20 62 65 6e 65 76 6f 6c  |benefit, benevol|
000187f0  65 6e 74 2c 20 62 65 6e  74 2c 20 62 65 72 61 74  |ent, bent, berat|
00018800  65 2c 20 62 65 72 65 61  76 65 6d 65 6e 74 2c 20  |e, bereavement, |
00018810  62 65 72 65 66 74 2c 20  62 65 72 73 65 72 6b 2c  |bereft, berserk,|
00018820  20 62 65 72 74 68 2c 20  62 65 73 69 64 65 2c 20  | berth, beside, |
00018830  62 65 73 69 64 65 73 2c  20 62 65 73 69 65 67 65  |besides, besiege|
00018840  2c 20 62 65 73 74 2c 20  62 65 73 74 6f 77 2c 20  |, best, bestow, |
00018850  62 65 74 2c 20 62 65 74  72 61 79 2c 20 62 65 74  |bet, betray, bet|
00018860  72 61 79 61 6c 2c 20 62  65 74 74 65 72 2c 20 62  |rayal, better, b|
00018870  65 74 77 65 65 6e 2c 20  62 65 76 65 72 61 67 65  |etween, beverage|
00018880  2c 20 62 65 77 61 72 65  2c 20 62 65 77 69 6c 64  |, beware, bewild|
00018890  65 72 2c 20 62 65 79 6f  6e 64 2c 20 62 69 61 73  |er, beyond, bias|
000188a0  2c 20 62 69 61 73 65 64  2c 20 62 69 62 6c 65 2c  |, biased, bible,|
000188b0  20 62 69 62 2c 20 62 69  62 6c 69 63 61 6c 6c 79  | bib, biblically|
000188c0  2c 20 62 69 62 6c 69 6f  70 68 69 6c 65 2c 20 62  |, bibliophile, b|
000188d0  69 63 6b 65 72 2c 20 62  69 63 79 63 6c 65 2c 20  |icker, bicycle, |
000188e0  62 69 64 2c 20 62 69 64  64 65 72 2c 20 62 69 64  |bid, bidder, bid|
000188f0  65 2c 20 62 69 65 6e 6e  69 61 6c 2c 20 62 69 66  |e, biennial, bif|
00018900  6f 63 61 6c 2c 20 62 69  67 2c 20 62 69 67 6f 74  |ocal, big, bigot|
00018910  72 79 2c 20 62 69 6b 65  2c 20 62 69 6b 69 6e 69  |ry, bike, bikini|
00018920  2c 20 62 69 6c 65 2c 20  62 69 6c 69 6e 67 75 61  |, bile, bilingua|
00018930  6c 2c 20 62 69 6c 6c 2c  20 62 69 6c 6c 62 6f 61  |l, bill, billboa|
00018940  72 64 2c 20 62 69 6c 6c  65 74 2c 20 62 69 6c 6c  |rd, billet, bill|
00018950  66 6f 6c 64 2c 20 62 69  6c 6c 69 6e 67 2c 20 62  |fold, billing, b|
00018960  69 6c 6c 69 6f 6e 2c 20  62 69 6c 6c 69 6f 6e 61  |illion, billiona|
00018970  69 72 65 2c 20 62 69 6c  6c 6f 77 2c 20 62 69 6e  |ire, billow, bin|
00018980  2c 20 62 69 6e 64 2c 20  62 69 6e 64 65 72 2c 20  |, bind, binder, |
00018990  62 69 6e 67 65 2c 20 62  69 6e 67 6f 2c 20 62 69  |binge, bingo, bi|
000189a0  6e 6f 63 75 6c 61 72 73  2c 20 62 69 6f 63 68 65  |noculars, bioche|
000189b0  6d 69 73 74 72 79 2c 20  62 69 6f 64 65 67 72 61  |mistry, biodegra|
000189c0  64 61 62 6c 65 2c 20 62  69 6f 67 72 61 70 68 79  |dable, biography|
000189d0  2c 20 62 69 6f 6c 6f 67  69 63 61 6c 2c 20 62 69  |, biological, bi|
000189e0  6f 6c 6f 67 69 73 74 2c  20 62 69 6f 6c 6f 67 79  |ologist, biology|
000189f0  2c 20 62 69 6f 6e 69 63  2c 20 62 69 6f 70 73 79  |, bionic, biopsy|
00018a00  2c 20 62 69 70 61 72 74  69 73 61 6e 2c 20 62 69  |, bipartisan, bi|
00018a10  72 63 68 2c 20 62 69 72  64 2c 20 62 69 72 74 68  |rch, bird, birth|
00018a20  2c 20 62 69 72 74 68 64  61 79 2c 20 62 69 73 63  |, birthday, bisc|
00018a30  75 69 74 2c 20 62 69 73  65 63 74 2c 20 62 69 73  |uit, bisect, bis|
00018a40  68 6f 70 2c 20 62 69 73  6f 6e 2c 20 62 69 74 2c  |hop, bison, bit,|
00018a50  20 62 69 74 63 68 2c 20  62 69 74 65 2c 20 62 69  | bitch, bite, bi|
00018a60  74 69 6e 67 2c 20 62 69  74 74 65 72 2c 20 62 69  |ting, bitter, bi|
00018a70  74 74 65 72 6c 79 2c 20  62 69 7a 61 72 72 65 2c  |tterly, bizarre,|
00018a80  20 62 6c 61 63 6b 2c 20  62 6c 61 63 6b 6d 61 69  | black, blackmai|
00018a90  6c 2c 20 62 6c 61 63 6b  73 6d 69 74 68 2c 20 62  |l, blacksmith, b|
00018aa0  6c 61 64 64 65 72 2c 20  62 6c 61 64 65 2c 20 62  |ladder, blade, b|
00018ab0  6c 61 68 2c 20 62 6c 61  6d 65 2c 20 62 6c 61 6e  |lah, blame, blan|
00018ac0  63 68 2c 20 62 6c 61 6e  64 2c 20 62 6c 61 6e 6b  |ch, bland, blank|
00018ad0  65 74 2c 20 62 6c 61 72  65 2c 20 62 6c 61 73 70  |et, blare, blasp|
00018ae0  68 65 6d 79 2c 20 62 6c  61 73 74 2c 20 62 6c 61  |hemy, blast, bla|
00018af0  74 61 6e 74 2c 20 62 6c  61 7a 65 2c 20 62 6c 65  |tant, blaze, ble|
00018b00  61 63 68 2c 20 62 6c 65  61 6b 2c 20 62 6c 65 61  |ach, bleak, blea|
00018b10  72 69 6c 79 2c 20 62 6c  65 6d 69 73 68 2c 20 62  |rily, blemish, b|
00018b20  6c 65 6e 64 2c 20 62 6c  65 73 73 69 6e 67 2c 20  |lend, blessing, |
00018b30  62 6c 69 67 68 74 2c 20  62 6c 69 6d 70 2c 20 62  |blight, blimp, b|
00018b40  6c 69 6e 64 2c 20 62 6c  69 6e 64 6c 79 2c 20 62  |lind, blindly, b|
00018b50  6c 69 6e 64 73 69 64 65  2c 20 62 6c 69 6e 6b 2c  |lindside, blink,|
00018b60  20 62 6c 69 73 74 65 72  2c 20 62 6c 69 7a 7a 61  | blister, blizza|
00018b70  72 64 2c 20 62 6c 6f 61  74 2c 20 62 6c 6f 62 2c  |rd, bloat, blob,|
00018b80  20 62 6c 6f 63 6b 2c 20  62 6c 6f 63 6b 61 64 65  | block, blockade|
00018b90  2c 20 62 6c 6f 63 6b 61  67 65 2c 20 62 6c 6f 63  |, blockage, bloc|
00018ba0  6b 62 75 73 74 65 72 2c  20 62 6c 6f 67 2c 20 62  |kbuster, blog, b|
00018bb0  6c 6f 6e 64 2c 20 62 6c  6f 6e 64 65 2c 20 62 6c  |lond, blonde, bl|
00018bc0  6f 6f 64 2c 20 62 6c 6f  6f 64 68 6f 75 6e 64 2c  |ood, bloodhound,|
00018bd0  20 62 6c 6f 6f 64 73 68  65 64 2c 20 62 6c 6f 6f  | bloodshed, bloo|
00018be0  64 74 68 69 72 73 74 79  2c 20 62 6c 6f 6f 64 79  |dthirsty, bloody|
00018bf0  2c 20 62 6c 6f 6f 6d 2c  20 62 6c 6f 73 73 6f 6d  |, bloom, blossom|
00018c00  2c 20 62 6c 6f 74 2c 20  62 6c 6f 74 63 68 2c 20  |, blot, blotch, |
00018c10  62 6c 6f 75 73 65 2c 20  62 6c 6f 77 2c 20 62 6c  |blouse, blow, bl|
00018c20  6f 77 67 75 6e 2c 20 62  6c 6f 77 6f 75 74 2c 20  |owgun, blowout, |
00018c30  62 6c 6f 77 74 6f 72 63  68 2c 20 62 6c 6f 77 75  |blowtorch, blowu|
00018c40  70 2c 20 62 6c 75 65 2c  20 62 6c 75 65 62 69 72  |p, blue, bluebir|
00018c50  64 2c 20 62 6c 75 65 70  72 69 6e 74 2c 20 62 6c  |d, blueprint, bl|
00018c60  75 66 66 2c 20 62 6c 75  6e 64 65 72 2c 20 62 6c  |uff, blunder, bl|
00018c70  75 6e 74 2c 20 62 6c 75  72 2c 20 62 6c 75 72 72  |unt, blur, blurr|
00018c80  79 2c 20 62 6c 75 73 68  2c 20 62 6f 61 72 64 2c  |y, blush, board,|
00018c90  20 62 6f 61 72 64 65 72  2c 20 62 6f 61 72 64 69  | boarder, boardi|
00018ca0  6e 67 2c 20 62 6f 61 73  74 2c 20 62 6f 61 74 2c  |ng, boast, boat,|
00018cb0  20 62 6f 62 2c 20 62 6f  62 62 6c 65 2c 20 62 6f  | bob, bobble, bo|
00018cc0  62 62 79 2c 20 62 6f 62  73 6c 65 64 2c 20 62 6f  |bby, bobsled, bo|
00018cd0  62 74 61 69 6c 2c 20 62  6f 64 79 2c 20 62 6f 64  |btail, body, bod|
00018ce0  79 67 75 61 72 64 2c 20  62 6f 67 2c 20 62 6f 67  |yguard, bog, bog|
00018cf0  65 79 2c 20 62 6f 67 67  6c 65 2c 20 62 6f 67 75  |ey, boggle, bogu|
00018d00  73 2c 20 62 6f 69 6c 2c  20 62 6f 69 6c 65 72 2c  |s, boil, boiler,|
00018d10  20 62 6f 6c 64 2c 20 62  6f 6c 64 6c 79 2c 20 62  | bold, boldly, b|
00018d20  6f 6c 65 72 6f 2c 20 62  6f 6c 73 74 65 72 2c 20  |olero, bolster, |
00018d30  62 6f 6c 74 2c 20 62 6f  6d 62 2c 20 62 6f 6d 62  |bolt, bomb, bomb|
00018d40  61 72 64 2c 20 62 6f 6d  62 61 72 64 6d 65 6e 74  |ard, bombardment|
00018d50  2c 20 62 6f 6d 62 65 72  2c 20 62 6f 6d 62 69 6e  |, bomber, bombin|
00018d60  67 2c 20 62 6f 6e 64 2c  20 62 6f 6e 64 61 67 65  |g, bond, bondage|
00018d70  2c 20 62 6f 6e 64 68 6f  6c 64 65 72 2c 20 62 6f  |, bondholder, bo|
00018d80  6e 64 73 6d 61 6e 2c 20  62 6f 6e 65 2c 20 62 6f  |ndsman, bone, bo|
00018d90  6e 66 69 72 65 2c 20 62  6f 6e 67 6f 2c 20 62 6f  |nfire, bongo, bo|
00018da0  6e 6b 65 72 73 2c 20 62  6f 6e 6e 65 74 2c 20 62  |nkers, bonnet, b|
00018db0  6f 6e 75 73 2c 20 62 6f  6e 79 2c 20 62 6f 6f 2c  |onus, bony, boo,|
00018dc0  20 62 6f 6f 62 2c 20 62  6f 6f 69 6e 67 2c 20 62  | boob, booing, b|
00018dd0  6f 6f 6b 2c 20 62 6f 6f  6b 63 61 73 65 2c 20 62  |ook, bookcase, b|
00018de0  6f 6f 6b 65 6e 64 2c 20  62 6f 6f 6b 6c 65 74 2c  |ookend, booklet,|
00018df0  20 62 6f 6f 6b 6d 61 72  6b 2c 20 62 6f 6f 6b 73  | bookmark, books|
00018e00  65 6c 6c 65 72 2c 20 62  6f 6f 6b 73 68 65 6c 66  |eller, bookshelf|
00018e10  2c 20 62 6f 6f 6b 73 68  6f 70 2c 20 62 6f 6f 6b  |, bookshop, book|
00018e20  73 74 6f 72 65 2c 20 62  6f 6f 6d 2c 20 62 6f 6f  |store, boom, boo|
00018e30  6d 69 6e 67 2c 20 62 6f  6f 6d 65 72 61 6e 67 2c  |ming, boomerang,|
00018e40  20 62 6f 6f 6e 2c 20 62  6f 6f 6e 64 6f 67 67 6c  | boon, boondoggl|
00018e50  65 2c 20 62 6f 6f 72 69  73 68 2c 20 62 6f 6f 73  |e, boorish, boos|
00018e60  74 2c 20 62 6f 6f 73 74  65 72 2c 20 62 6f 6f 74  |t, booster, boot|
00018e70  2c 20 62 6f 6f 74 68 2c  20 62 6f 6f 74 6c 65 67  |, booth, bootleg|
00018e80  2c 20 62 6f 6f 74 6c 65  67 67 65 72 2c 20 62 6f  |, bootlegger, bo|
00018e90  6f 74 79 2c 20 62 6f 6f  7a 65 2c 20 62 6f 70 2c  |oty, booze, bop,|
00018ea0  20 62 6f 72 64 65 72 2c  20 62 6f 72 65 2c 20 62  | border, bore, b|
00018eb0  6f 72 65 64 6f 6d 2c 20  62 6f 72 69 6e 67 2c 20  |oredom, boring, |
00018ec0  62 6f 72 6e 2c 20 62 6f  72 6f 75 67 68 2c 20 62  |born, borough, b|
00018ed0  6f 72 72 6f 77 2c 20 62  6f 72 72 6f 77 65 72 2c  |orrow, borrower,|
00018ee0  20 62 6f 73 73 2c 20 62  6f 73 73 79 2c 20 62 6f  | boss, bossy, bo|
00018ef0  74 61 6e 79 2c 20 62 6f  74 63 68 2c 20 62 6f 74  |tany, botch, bot|
00018f00  68 2c 20 62 6f 74 68 65  72 2c 20 62 6f 74 74 6c  |h, bother, bottl|
00018f10  65 2c 20 62 6f 74 74 6c  65 6e 65 63 6b 2c 20 62  |e, bottleneck, b|
00018f20  6f 74 74 6f 6d 2c 20 62  6f 75 67 68 74 2c 20 62  |ottom, bought, b|
00018f30  6f 75 6c 64 65 72 2c 20  62 6f 75 6e 63 65 2c 20  |oulder, bounce, |
00018f40  62 6f 75 6e 63 65 72 2c  20 62 6f 75 6e 63 79 2c  |bouncer, bouncy,|
00018f50  20 62 6f 75 6e 64 2c 20  62 6f 75 6e 64 61 72 79  | bound, boundary|
00018f60  2c 20 62 6f 75 6e 74 69  66 75 6c 2c 20 62 6f 75  |, bountiful, bou|
00018f70  6e 74 79 2c 20 62 6f 75  71 75 65 74 2c 20 62 6f  |nty, bouquet, bo|
00018f80  75 72 62 6f 6e 2c 20 62  6f 75 72 67 65 6f 69 73  |urbon, bourgeois|
00018f90  2c 20 62 6f 75 72 67 65  6f 69 73 69 65 2c 20 62  |, bourgeoisie, b|
00018fa0  6f 75 74 2c 20 62 6f 75  74 69 71 75 65 2c 20 62  |out, boutique, b|
00018fb0  6f 77 65 6c 2c 20 62 6f  77 65 6c 73 2c 20 62 6f  |owel, bowels, bo|
00018fc0  77 65 72 2c 20 62 6f 77  6c 2c 20 62 6f 77 6c 65  |wer, bowl, bowle|
00018fd0  67 67 65 64 2c 20 62 6f  77 6c 65 72 2c 20 62 6f  |gged, bowler, bo|
00018fe0  77 6c 69 6e 67 2c 20 62  6f 77 73 70 72 69 74 2c  |wling, bowsprit,|
00018ff0  20 62 6f 78 2c 20 62 6f  78 63 61 72 2c 20 62 6f  | box, boxcar, bo|
00019000  00 00 00 00 00 00 00 00  00 00 00 00 00 00 00 00  |................|
*
0001a000  78 65 72 2c 20 62 6f 78  69 6e 67 2c 20 62 6f 79  |xer, boxing, boy|
0001a010  2c 20 62 6f 79 63 6f 74  74 2c 20 62 6f 79 66 72  |, boycott, boyfr|
0001a020  69 65 6e 64 2c 20 62 6f  79 68 6f 6f 64 2c 20 62  |iend, boyhood, b|
0001a030  72 61 2c 20 62 72 61 63  65 2c 20 62 72 61 63 65  |ra, brace, brace|
0001a040  6c 65 74 2c 20 62 72 61  63 69 6e 67 2c 20 62 72  |let, bracing, br|
0001a050  61 63 6b 65 74 2c 20 62  72 61 63 6b 69 73 68 2c  |acket, brackish,|
0001a060  20 62 72 61 67 67 61 72  74 2c 20 62 72 61 69 64  | braggart, braid|
0001a070  2c 20 62 72 61 69 6c 6c  65 2c 20 62 72 61 69 6e  |, braille, brain|
0001a080  2c 20 62 72 61 69 6e 63  68 69 6c 64 2c 20 62 72  |, brainchild, br|
0001a090  61 69 6e 6c 65 73 73 2c  20 62 72 61 69 6e 73 74  |ainless, brainst|
0001a0a0  6f 72 6d 2c 20 62 72 61  69 6e 77 61 73 68 2c 20  |orm, brainwash, |
0001a0b0  62 72 61 69 6e 77 61 73  68 69 6e 67 2c 20 62 72  |brainwashing, br|
0001a0c0  61 69 6e 79 2c 20 62 72  61 69 73 65 2c 20 62 72  |ainy, braise, br|
0001a0d0  61 6b 65 2c 20 62 72 61  6d 62 6c 65 2c 20 62 72  |ake, bramble, br|
0001a0e0  61 6e 2c 20 62 72 61 6e  63 68 2c 20 62 72 61 6e  |an, branch, bran|
0001a0f0  64 2c 20 62 72 61 6e 64  69 73 68 2c 20 62 72 61  |d, brandish, bra|
0001a100  73 68 2c 20 62 72 61 73  73 2c 20 62 72 61 73 73  |sh, brass, brass|
0001a110  69 65 72 65 2c 20 62 72  61 74 2c 20 62 72 61 74  |iere, brat, brat|
0001a120  74 79 2c 20 62 72 61 76  65 2c 20 62 72 61 76 65  |ty, brave, brave|
0001a130  72 79 2c 20 62 72 61 76  6f 2c 20 62 72 61 77 6c  |ry, bravo, brawl|
0001a140  2c 20 62 72 61 77 6e 2c  20 62 72 61 77 6e 79 2c  |, brawn, brawny,|
0001a150  20 62 72 61 79 2c 20 62  72 61 7a 65 6e 2c 20 62  | bray, brazen, b|
0001a160  72 65 61 63 68 2c 20 62  72 65 61 64 2c 20 62 72  |reach, bread, br|
0001a170  65 61 64 63 72 75 6d 62  2c 20 62 72 65 61 64 74  |eadcrumb, breadt|
0001a180  68 2c 20 62 72 65 61 6b  2c 20 62 72 65 61 6b 61  |h, break, breaka|
0001a190  62 6c 65 2c 20 62 72 65  61 6b 64 6f 77 6e 2c 20  |ble, breakdown, |
0001a1a0  62 72 65 61 6b 66 61 73  74 2c 20 62 72 65 61 6b  |breakfast, break|
0001a1b0  6e 65 63 6b 2c 20 62 72  65 61 6b 6f 75 74 2c 20  |neck, breakout, |
0001a1c0  62 72 65 61 6b 74 68 72  6f 75 67 68 2c 20 62 72  |breakthrough, br|
0001a1d0  65 61 6b 75 70 2c 20 62  72 65 61 74 68 2c 20 62  |eakup, breath, b|
0001a1e0  72 65 61 74 68 74 61 6b  69 6e 67 2c 20 62 72 65  |reathtaking, bre|
0001a1f0  61 74 68 65 2c 20 62 72  65 61 74 68 69 6e 67 2c  |athe, breathing,|
0001a200  20 62 72 65 65 64 2c 20  62 72 65 65 64 69 6e 67  | breed, breeding|
0001a210  2c 20 62 72 65 65 7a 65  2c 20 62 72 65 65 7a 79  |, breeze, breezy|
0001a220  2c 20 62 72 65 74 68 72  65 6e 2c 20 62 72 65 76  |, brethren, brev|
0001a230  69 74 79 2c 20 62 72 65  77 2c 20 62 72 65 77 65  |ity, brew, brewe|
0001a240  72 79 2c 20 62 72 69 62  65 2c 20 62 72 69 62 65  |ry, bribe, bribe|
0001a250  72 79 2c 20 62 72 69 63  6b 2c 20 62 72 69 64 61  |ry, brick, brida|
0001a260  6c 2c 20 62 72 69 64 65  2c 20 62 72 69 64 67 65  |l, bride, bridge|
0001a270  2c 20 62 72 69 65 2c 20  62 72 69 65 66 2c 20 62  |, brie, brief, b|
0001a280  72 69 65 66 69 6e 67 2c  20 62 72 69 65 66 6c 79  |riefing, briefly|
0001a290  2c 20 62 72 69 67 2c 20  62 72 69 67 61 64 65 2c  |, brig, brigade,|
0001a2a0  20 62 72 69 67 68 74 2c  20 62 72 69 67 68 74 65  | bright, brighte|
0001a2b0  6e 2c 20 62 72 69 67 68  74 6c 79 2c 20 62 72 69  |n, brightly, bri|
0001a2c0  67 68 74 6e 65 73 73 2c  20 62 72 69 6c 6c 69 61  |ghtness, brillia|
0001a2d0  6e 74 2c 20 62 72 69 6d  2c 20 62 72 69 6e 65 2c  |nt, brim, brine,|
0001a2e0  20 62 72 69 6e 67 2c 20  62 72 69 6e 6b 2c 20 62  | bring, brink, b|
0001a2f0  72 69 73 6b 2c 20 62 72  69 73 74 6c 65 2c 20 62  |risk, bristle, b|
0001a300  72 69 74 74 6c 65 2c 20  62 72 6f 63 63 6f 6c 69  |rittle, broccoli|
0001a310  2c 20 62 72 6f 63 68 75  72 65 2c 20 62 72 6f 69  |, brochure, broi|
0001a320  6c 2c 20 62 72 6f 6b 65  2c 20 62 72 6f 6b 65 6e  |l, broke, broken|
0001a330  2c 20 62 72 6f 6b 65 72  2c 20 62 72 6f 6b 65 72  |, broker, broker|
0001a340  61 67 65 2c 20 62 72 6f  6e 63 6f 2c 20 62 72 6f  |age, bronco, bro|
0001a350  6e 7a 65 2c 20 62 72 6f  6f 63 68 2c 20 62 72 6f  |nze, brooch, bro|
0001a360  6f 64 2c 20 62 72 6f 6f  6b 2c 20 62 72 6f 6f 6d  |od, brook, broom|
0001a370  2c 20 62 72 6f 74 68 2c  20 62 72 6f 74 68 65 6c  |, broth, brothel|
0001a380  2c 20 62 72 6f 74 68 65  72 2c 20 62 72 6f 74 68  |, brother, broth|
0001a390  65 72 68 6f 6f 64 2c 20  62 72 6f 75 67 68 74 2c  |erhood, brought,|
0001a3a0  20 62 72 6f 77 2c 20 62  72 6f 77 62 65 61 74 2c  | brow, browbeat,|
0001a3b0  20 62 72 6f 77 6e 2c 20  62 72 6f 77 73 65 2c 20  | brown, browse, |
0001a3c0  62 72 6f 77 73 65 72 2c  20 62 72 75 69 73 65 2c  |browser, bruise,|
0001a3d0  20 62 72 75 6e 63 68 2c  20 62 72 75 6e 65 74 74  | brunch, brunett|
0001a3e0  65 2c 20 62 72 75 6e 74  2c 20 62 72 75 73 68 2c  |e, brunt, brush,|
0001a3f0  20 62 72 75 73 68 73 74  72 6f 6b 65 2c 20 62 72  | brushstroke, br|
0001a400  75 74 61 6c 2c 20 62 72  75 74 61 6c 69 74 79 2c  |utal, brutality,|
0001a410  20 62 72 75 74 65 2c 20  62 72 75 74 61 6c 6c 79  | brute, brutally|
0001a420  2c 20 62 75 62 2c 20 62  75 62 62 6c 65 2c 20 62  |, bub, bubble, b|
0001a430  75 62 62 6c 79 2c 20 62  75 63 6b 6c 65 2c 20 62  |ubbly, buckle, b|
0001a440  75 63 6b 73 68 6f 74 2c  20 62 75 63 6b 73 6b 69  |uckshot, buckski|
0001a450  6e 2c 20 62 75 63 6b 77  68 65 61 74 2c 20 62 75  |n, buckwheat, bu|
0001a460  64 2c 20 62 75 64 64 68  61 2c 20 62 75 64 67 65  |d, buddha, budge|
0001a470  74 2c 20 62 75 66 66 2c  20 62 75 66 66 61 6c 6f  |t, buff, buffalo|
0001a480  2c 20 62 75 66 66 65 72  2c 20 62 75 66 66 65 74  |, buffer, buffet|
0001a490  2c 20 62 75 66 66 6f 6f  6e 2c 20 62 75 67 2c 20  |, buffoon, bug, |
0001a4a0  62 75 67 67 79 2c 20 62  75 69 6c 64 2c 20 62 75  |buggy, build, bu|
0001a4b0  69 6c 64 65 72 2c 20 62  75 69 6c 64 69 6e 67 2c  |ilder, building,|
0001a4c0  20 62 75 69 6c 64 75 70  2c 20 62 75 69 6c 74 2c  | buildup, built,|
0001a4d0  20 62 75 6c 62 2c 20 62  75 6c 67 65 2c 20 62 75  | bulb, bulge, bu|
0001a4e0  6c 6b 2c 20 62 75 6c 6b  79 2c 20 62 75 6c 6c 2c  |lk, bulky, bull,|
0001a4f0  20 62 75 6c 6c 64 6f 67  2c 20 62 75 6c 6c 65 74  | bulldog, bullet|
0001a500  2c 20 62 75 6c 6c 65 74  69 6e 2c 20 62 75 6c 6c  |, bulletin, bull|
0001a510  66 69 67 68 74 2c 20 62  75 6c 6c 66 69 67 68 74  |fight, bullfight|
0001a520  65 72 2c 20 62 75 6c 6c  66 69 67 68 74 69 6e 67  |er, bullfighting|
0001a530  2c 20 62 75 6c 6c 69 73  68 2c 20 62 75 6c 6c 69  |, bullish, bulli|
0001a540  6f 6e 2c 20 62 75 6c 6c  79 2c 20 62 75 6d 62 6c  |on, bully, bumbl|
0001a550  65 62 65 65 2c 20 62 75  6d 62 6c 69 6e 67 2c 20  |ebee, bumbling, |
0001a560  62 75 6d 70 2c 20 62 75  6d 70 65 72 2c 20 62 75  |bump, bumper, bu|
0001a570  6d 70 79 2c 20 62 75 6e  2c 20 62 75 6e 63 68 2c  |mpy, bun, bunch,|
0001a580  20 62 75 6e 64 6c 65 2c  20 62 75 6e 67 61 6c 6f  | bundle, bungalo|
0001a590  77 2c 20 62 75 6e 67 6c  65 2c 20 62 75 6e 69 6f  |w, bungle, bunio|
0001a5a0  6e 2c 20 62 75 6e 6b 2c  20 62 75 6e 6b 65 72 2c  |n, bunk, bunker,|
0001a5b0  20 62 75 6e 6e 79 2c 20  62 75 6e 74 2c 20 62 75  | bunny, bunt, bu|
0001a5c0  6f 79 2c 20 62 75 6f 79  61 6e 74 2c 20 62 75 72  |oy, buoyant, bur|
0001a5d0  64 65 6e 2c 20 62 75 72  65 61 75 2c 20 62 75 72  |den, bureau, bur|
0001a5e0  65 61 75 63 72 61 63 79  2c 20 62 75 72 67 6c 61  |eaucracy, burgla|
0001a5f0  72 2c 20 62 75 72 67 6c  61 72 79 2c 20 62 75 72  |r, burglary, bur|
0001a600  67 6c 65 2c 20 62 75 72  69 61 6c 2c 20 62 75 72  |gle, burial, bur|
0001a610  6c 61 70 2c 20 62 75 72  6c 79 2c 20 62 75 72 6e  |lap, burly, burn|
0001a620  2c 20 62 75 72 6e 69 73  68 2c 20 62 75 72 72 6f  |, burnish, burro|
0001a630  77 2c 20 62 75 72 73 74  2c 20 62 75 72 79 2c 20  |w, burst, bury, |
0001a640  62 75 73 2c 20 62 75 73  62 6f 79 2c 20 62 75 73  |bus, busboy, bus|
0001a650  68 2c 20 62 75 73 68 65  6c 2c 20 62 75 73 68 79  |h, bushel, bushy|
0001a660  2c 20 62 75 73 69 6c 79  2c 20 62 75 73 69 6e 65  |, busily, busine|
0001a670  73 73 2c 20 62 75 73 69  6e 65 73 73 6d 61 6e 2c  |ss, businessman,|
0001a680  20 62 75 73 69 6e 65 73  73 77 6f 6d 61 6e 2c 20  | businesswoman, |
0001a690  62 75 73 74 2c 20 62 75  73 74 6c 65 2c 20 62 75  |bust, bustle, bu|
0001a6a0  73 79 2c 20 62 75 74 2c  20 62 75 74 63 68 65 72  |sy, but, butcher|
0001a6b0  2c 20 62 75 74 6c 65 72  2c 20 62 75 74 74 2c 20  |, butler, butt, |
0001a6c0  62 75 74 74 65 72 2c 20  62 75 74 74 65 72 66 6c  |butter, butterfl|
0001a6d0  79 2c 20 62 75 74 74 6f  6e 2c 20 62 75 74 74 6f  |y, button, butto|
0001a6e0  63 6b 73 2c 20 62 75 79  2c 20 62 75 79 65 72 2c  |cks, buy, buyer,|
0001a6f0  20 62 75 7a 7a 2c 20 62  75 7a 7a 61 72 64 2c 20  | buzz, buzzard, |
0001a700  62 75 7a 7a 65 72 2c 20  62 79 2c 20 62 79 65 2c  |buzzer, by, bye,|
0001a710  20 62 79 70 61 73 73 2c  20 62 79 70 72 6f 64 75  | bypass, byprodu|
0001a720  63 74 2c 20 62 79 73 74  61 6e 64 65 72 2c 20 62  |ct, bystander, b|
0001a730  79 74 65 2c 20 62 79 77  61 79 2c 20 63 61 62 2c  |yte, byway, cab,|
0001a740  20 63 61 62 61 6e 61 2c  20 63 61 62 62 61 67 65  | cabana, cabbage|
0001a750  2c 20 63 61 62 69 6e 2c  20 63 61 62 69 6e 65 74  |, cabin, cabinet|
0001a760  2c 20 63 61 62 6c 65 2c  20 63 61 62 6f 6f 73 65  |, cable, caboose|
0001a770  2c 20 63 61 63 68 65 2c  20 63 61 63 6b 6c 65 2c  |, cache, cackle,|
0001a780  20 63 61 63 74 69 2c 20  63 61 63 74 75 73 2c 20  | cacti, cactus, |
0001a790  63 61 64 2c 20 63 61 64  61 76 65 72 2c 20 63 61  |cad, cadaver, ca|
0001a7a0  64 65 6e 63 65 2c 20 63  61 64 65 74 2c 20 63 61  |dence, cadet, ca|
0001a7b0  66 66 65 69 6e 65 2c 20  63 61 67 65 2c 20 63 61  |ffeine, cage, ca|
0001a7c0  67 65 79 2c 20 63 61 67  79 2c 20 63 61 68 6f 6f  |gey, cagy, cahoo|
0001a7d0  74 73 2c 20 63 61 69 6d  61 6e 2c 20 63 61 69 6e  |ts, caiman, cain|
0001a7e0  2c 20 63 61 6a 6f 6c 65  2c 20 63 61 6b 65 2c 20  |, cajole, cake, |
0001a7f0  63 61 6c 61 6d 69 74 79  2c 20 63 61 6c 63 75 6c  |calamity, calcul|
0001a800  61 74 65 2c 20 63 61 6c  63 75 6c 61 74 69 6f 6e  |ate, calculation|
0001a810  2c 20 63 61 6c 63 75 6c  61 74 6f 72 2c 20 63 61  |, calculator, ca|
0001a820  6c 63 75 6c 75 73 2c 20  63 61 6c 65 6e 64 61 72  |lculus, calendar|
0001a830  2c 20 63 61 6c 66 2c 20  63 61 6c 69 62 65 72 2c  |, calf, caliber,|
0001a840  20 63 61 6c 69 62 72 61  74 65 2c 20 63 61 6c 69  | calibrate, cali|
0001a850  62 72 61 74 69 6f 6e 2c  20 63 61 6c 69 63 6f 2c  |bration, calico,|
0001a860  20 63 61 6c 6c 2c 20 63  61 6c 6c 65 72 2c 20 63  | call, caller, c|
0001a870  61 6c 6c 69 67 72 61 70  68 79 2c 20 63 61 6c 6c  |alligraphy, call|
0001a880  6f 75 73 2c 20 63 61 6c  6c 6f 77 2c 20 63 61 6c  |ous, callow, cal|
0001a890  6c 75 73 2c 20 63 61 6c  6d 2c 20 63 61 6c 6d 6c  |lus, calm, calml|
0001a8a0  79 2c 20 63 61 6c 6d 6e  65 73 73 2c 20 63 61 6c  |y, calmness, cal|
0001a8b0  6f 72 69 65 2c 20 63 61  6c 76 61 72 79 2c 20 63  |orie, calvary, c|
0001a8c0  61 6c 76 65 2c 20 63 61  6c 76 65 73 2c 20 63 61  |alve, calves, ca|
0001a8d0  6c 79 70 73 6f 2c 20 63  61 6d 61 72 61 64 65 72  |lypso, camarader|
0001a8e0  69 65 2c 20 63 61 6d 65  6c 2c 20 63 61 6d 6f 75  |ie, camel, camou|
0001a8f0  66 6c 61 67 65 2c 20 63  61 6d 70 2c 20 63 61 6d  |flage, camp, cam|
0001a900  70 61 69 67 6e 2c 20 63  61 6d 70 65 72 2c 20 63  |paign, camper, c|
0001a910  61 6d 70 66 69 72 65 2c  20 63 61 6d 70 69 6e 67  |ampfire, camping|
0001a920  2c 20 63 61 6d 70 73 69  74 65 2c 20 63 61 6d 70  |, campsite, camp|
0001a930  75 73 2c 20 63 61 6e 2c  20 63 61 6e 61 72 79 2c  |us, can, canary,|
0001a940  20 63 61 6e 63 65 6c 2c  20 63 61 6e 63 65 6c 6c  | cancel, cancell|
0001a950  61 74 69 6f 6e 2c 20 63  61 6e 63 65 72 2c 20 63  |ation, cancer, c|
0001a960  61 6e 64 69 64 61 63 79  2c 20 63 61 6e 64 69 64  |andidacy, candid|
0001a970  61 74 65 2c 20 63 61 6e  64 69 64 6c 79 2c 20 63  |ate, candidly, c|
0001a980  61 6e 64 6c 65 2c 20 63  61 6e 64 6c 65 6c 69 67  |andle, candlelig|
0001a990  68 74 2c 20 63 61 6e 64  79 2c 20 63 61 6e 65 2c  |ht, candy, cane,|
0001a9a0  20 63 61 6e 69 6e 65 2c  20 63 61 6e 69 73 74 65  | canine, caniste|
0001a9b0  72 2c 20 63 61 6e 6e 61  62 69 73 2c 20 63 61 6e  |r, cannabis, can|
0001a9c0  6e 69 62 61 6c 2c 20 63  61 6e 6e 69 62 61 6c 69  |nibal, cannibali|
0001a9d0  7a 65 2c 20 63 61 6e 6e  6f 6e 2c 20 63 61 6e 6e  |ze, cannon, cann|
0001a9e0  6f 6e 62 61 6c 6c 2c 20  63 61 6e 6e 6f 6e 20 66  |onball, cannon f|
0001a9f0  6f 64 64 65 72 2c 20 63  61 6e 6e 6f 74 2c 20 63  |odder, cannot, c|
0001aa00  61 6e 6f 65 2c 20 63 61  6e 6f 70 69 65 64 2c 20  |anoe, canopied, |
0001aa10  63 61 6e 6f 70 79 2c 20  63 61 6e 74 65 65 6e 2c  |canopy, canteen,|
0001aa20  20 63 61 6e 76 61 73 2c  20 63 61 6e 76 61 73 73  | canvas, canvass|
0001aa30  2c 20 63 61 6e 79 6f 6e  2c 20 63 61 70 2c 20 63  |, canyon, cap, c|
0001aa40  61 70 61 62 69 6c 69 74  79 2c 20 63 61 70 61 62  |apability, capab|
0001aa50  6c 65 2c 20 63 61 70 61  63 69 74 79 2c 20 63 61  |le, capacity, ca|
0001aa60  70 65 2c 20 63 61 70 65  72 2c 20 63 61 70 69 74  |pe, caper, capit|
0001aa70  61 6c 2c 20 63 61 70 69  74 61 6c 69 73 6d 2c 20  |al, capitalism, |
0001aa80  63 61 70 69 74 61 6c 69  73 74 2c 20 63 61 70 69  |capitalist, capi|
0001aa90  74 61 6c 69 7a 65 2c 20  63 61 70 69 74 6f 6c 2c  |talize, capitol,|
0001aaa0  20 63 61 70 69 74 75 6c  61 74 65 2c 20 63 61 70  | capitulate, cap|
0001aab0  73 69 7a 65 2c 20 63 61  70 73 75 6c 65 2c 20 63  |size, capsule, c|
0001aac0  61 70 74 69 6f 6e 2c 20  63 61 70 74 69 76 61 74  |aption, captivat|
0001aad0  65 2c 20 63 61 70 74 69  76 65 2c 20 63 61 70 74  |e, captive, capt|
0001aae0  69 76 69 74 79 2c 20 63  61 70 74 75 72 65 2c 20  |ivity, capture, |
0001aaf0  63 61 72 2c 20 63 61 72  61 74 2c 20 63 61 72 61  |car, carat, cara|
0001ab00  76 61 6e 2c 20 63 61 72  61 77 61 79 2c 20 63 61  |van, caraway, ca|
0001ab10  72 62 69 64 65 2c 20 63  61 72 62 69 6e 65 2c 20  |rbide, carbine, |
0001ab20  63 61 72 62 6f 68 79 64  72 61 74 65 2c 20 63 61  |carbohydrate, ca|
0001ab30  72 62 6f 6e 2c 20 63 61  72 62 6f 6e 61 74 65 64  |rbon, carbonated|
0001ab40  2c 20 63 61 72 62 6f 6e  20 63 6f 70 79 2c 20 63  |, carbon copy, c|
0001ab50  61 72 62 6f 6e 20 64 69  6f 78 69 64 65 2c 20 63  |arbon dioxide, c|
0001ab60  61 72 64 62 6f 61 72 64  2c 20 63 61 72 64 69 67  |ardboard, cardig|
0001ab70  61 6e 2c 20 63 61 72 64  69 6e 61 6c 2c 20 63 61  |an, cardinal, ca|
0001ab80  72 64 69 6f 76 61 73 63  75 6c 61 72 2c 20 63 61  |rdiovascular, ca|
0001ab90  72 65 2c 20 63 61 72 65  65 6e 2c 20 63 61 72 65  |re, careen, care|
0001aba0  65 72 2c 20 63 61 72 65  66 75 6c 2c 20 63 61 72  |er, careful, car|
0001abb0  65 66 75 6c 6c 79 2c 20  63 61 72 65 66 75 6c 6e  |efully, carefuln|
0001abc0  65 73 73 2c 20 63 61 72  65 66 72 65 65 2c 20 63  |ess, carefree, c|
0001abd0  61 72 65 6c 65 73 73 6c  79 2c 20 63 61 72 65 6c  |arelessly, carel|
0001abe0  65 73 73 6e 65 73 73 2c  20 63 61 72 65 73 73 2c  |essness, caress,|
0001abf0  20 63 61 72 65 74 61 6b  65 72 2c 20 63 61 72 67  | caretaker, carg|
0001ac00  6f 2c 20 43 61 72 69 62  62 65 61 6e 2c 20 63 61  |o, Caribbean, ca|
0001ac10  72 69 63 61 74 75 72 65  2c 20 63 61 72 69 62 6f  |ricature, caribo|
0001ac20  75 2c 20 63 61 72 69 63  61 74 75 72 65 2c 20 63  |u, caricature, c|
0001ac30  61 72 69 62 6f 75 2c 20  63 61 72 69 6e 67 2c 20  |aribou, caring, |
0001ac40  63 61 72 6a 61 63 6b 2c  20 63 61 72 6a 61 63 6b  |carjack, carjack|
0001ac50  65 72 2c 20 63 61 72 6a  61 63 6b 69 6e 67 2c 20  |er, carjacking, |
0001ac60  63 61 72 6e 61 67 65 2c  20 63 61 72 6e 61 6c 2c  |carnage, carnal,|
0001ac70  20 63 61 72 6e 69 76 61  6c 2c 20 63 61 72 6e 69  | carnival, carni|
0001ac80  76 6f 72 65 2c 00 00 00  00 00 00 00 00 00 00 00  |vore,...........|
0001ac90  00 00 00 00 00 00 00 00  00 00 00 00 00 00 00 00  |................|
*
0001c000  69 76 65 2c 20 61 74 74  69 63 2c 20 61 74 74 69  |ive, attic, atti|
0001c010  72 65 2c 20 61 74 74 69  74 75 64 65 2c 20 61 74  |re, attitude, at|
0001c020  74 6f 72 6e 65 79 2c 20  61 74 74 72 61 63 74 2c  |torney, attract,|
0001c030  20 61 74 74 72 61 63 74  69 6f 6e 2c 20 61 74 74  | attraction, att|
0001c040  72 61 63 74 69 76 65 2c  20 61 74 74 72 69 62 75  |ractive, attribu|
0001c050  74 65 2c 20 61 75 63 74  69 6f 6e 2c 20 61 75 63  |te, auction, auc|
0001c060  74 69 6f 6e 65 65 72 2c  20 61 75 64 61 63 69 6f  |tioneer, audacio|
0001c070  75 73 2c 20 61 75 64 69  62 6c 65 2c 20 61 75 64  |us, audible, aud|
0001c080  69 65 6e 63 65 2c 20 61  75 64 69 6f 2c 20 61 75  |ience, audio, au|
0001c090  64 69 74 2c 20 61 75 64  69 74 69 6f 6e 2c 20 61  |dit, audition, a|
0001c0a0  75 64 69 74 6f 72 69 75  6d 2c 20 61 75 67 6d 65  |uditorium, augme|
0001c0b0  6e 74 2c 20 61 75 67 75  72 2c 20 41 75 67 75 73  |nt, augur, Augus|
0001c0c0  74 2c 20 61 75 6e 74 2c  20 61 75 74 68 65 6e 74  |t, aunt, authent|
0001c0d0  69 63 61 74 65 2c 20 61  75 74 68 6f 72 2c 20 61  |icate, author, a|
0001c0e0  75 74 68 6f 72 69 74 79  2c 20 61 75 74 68 6f 72  |uthority, author|
0001c0f0  69 7a 65 2c 20 61 75 74  6f 2c 20 61 75 74 6f 62  |ize, auto, autob|
0001c100  69 6f 67 72 61 70 68 79  2c 20 61 75 74 6f 6d 61  |iography, automa|
0001c110  74 69 63 2c 20 61 75 74  6f 6d 6f 62 69 6c 65 2c  |tic, automobile,|
0001c120  20 61 75 74 6f 6e 6f 6d  6f 75 73 2c 20 61 75 74  | autonomous, aut|
0001c130  6f 6e 6f 6d 79 2c 20 61  75 74 75 6d 6e 2c 20 61  |onomy, autumn, a|
0001c140  75 78 69 6c 69 61 72 79  2c 20 61 76 61 69 6c 2c  |uxiliary, avail,|
0001c150  20 61 76 61 69 6c 61 62  6c 65 2c 20 61 76 61 6c  | available, aval|
0001c160  61 6e 63 68 65 2c 20 61  76 65 6e 75 65 2c 20 61  |anche, avenue, a|
0001c170  76 65 72 61 67 65 2c 20  61 76 65 72 6d 65 6e 74  |verage, averment|
0001c180  2c 20 61 76 65 72 73 69  6f 6e 2c 20 61 76 65 72  |, aversion, aver|
0001c190  73 65 2c 20 61 76 65 72  74 2c 20 61 76 69 61 74  |se, avert, aviat|
0001c1a0  69 6f 6e 2c 20 61 76 69  64 2c 20 61 76 6f 63 61  |ion, avid, avoca|
0001c1b0  64 6f 2c 20 61 76 6f 69  64 2c 20 61 76 6f 69 64  |do, avoid, avoid|
0001c1c0  61 6e 63 65 2c 20 61 77  61 69 74 2c 20 61 77 61  |ance, await, awa|
0001c1d0  6b 65 2c 20 61 77 61 6b  65 6e 2c 20 61 77 61 72  |ke, awaken, awar|
0001c1e0  64 2c 20 61 77 61 72 65  2c 20 61 77 61 72 65 6e  |d, aware, awaren|
0001c1f0  65 73 73 2c 20 61 77 61  79 2c 20 61 77 65 2c 20  |ess, away, awe, |
0001c200  61 77 65 73 6f 6d 65 2c  20 61 77 66 75 6c 2c 20  |awesome, awful, |
0001c210  61 77 6b 77 61 72 64 2c  20 61 78 65 2c 20 61 78  |awkward, axe, ax|
0001c220  69 73 2c 20 62 61 62 62  6c 65 2c 20 62 61 62 65  |is, babble, babe|
0001c230  2c 20 62 61 62 79 2c 20  62 61 63 68 65 6c 6f 72  |, baby, bachelor|
0001c240  2c 20 62 61 63 6b 2c 20  62 61 63 6b 62 6f 6e 65  |, back, backbone|
0001c250  2c 20 62 61 63 6b 64 72  6f 70 2c 20 62 61 63 6b  |, backdrop, back|
0001c260  67 72 6f 75 6e 64 2c 20  62 61 63 6b 68 61 6e 64  |ground, backhand|
0001c270  2c 20 62 61 63 6b 6c 61  73 68 2c 20 62 61 63 6b  |, backlash, back|
0001c280  6c 6f 67 2c 20 62 61 63  6b 70 61 63 6b 2c 20 62  |log, backpack, b|
0001c290  61 63 6b 73 65 61 74 2c  20 62 61 63 6b 73 69 64  |ackseat, backsid|
0001c2a0  65 2c 20 62 61 63 6b 73  6c 69 64 65 2c 20 62 61  |e, backslide, ba|
0001c2b0  63 6b 73 70 61 63 65 2c  20 62 61 63 6b 73 74 61  |ckspace, backsta|
0001c2c0  62 62 65 72 2c 20 62 61  63 6b 73 74 61 67 65 2c  |bber, backstage,|
0001c2d0  20 62 61 63 6b 73 74 72  6f 6b 65 2c 20 62 61 63  | backstroke, bac|
0001c2e0  6b 75 70 2c 20 62 61 63  6b 77 61 72 64 2c 20 62  |kup, backward, b|
0001c2f0  61 63 6b 79 61 72 64 2c  20 62 61 63 6f 6e 2c 20  |ackyard, bacon, |
0001c300  62 61 63 74 65 72 69 61  2c 20 62 61 64 2c 20 62  |bacteria, bad, b|
0001c310  61 64 67 65 2c 20 62 61  64 67 65 72 2c 20 62 61  |adge, badger, ba|
0001c320  64 6c 79 2c 20 62 61 66  66 6c 65 2c 20 62 61 67  |dly, baffle, bag|
0001c330  2c 20 62 61 67 67 61 67  65 2c 20 62 61 67 67 79  |, baggage, baggy|
0001c340  2c 20 62 61 69 6c 2c 20  62 61 69 74 2c 20 62 61  |, bail, bait, ba|
0001c350  6b 65 2c 20 62 61 6b 65  72 79 2c 20 62 61 6c 61  |ke, bakery, bala|
0001c360  6e 63 65 2c 20 62 61 6c  63 6f 6e 79 2c 20 62 61  |nce, balcony, ba|
0001c370  6c 64 2c 20 62 61 6c 65  2c 20 62 61 6c 6b 2c 20  |ld, bale, balk, |
0001c380  62 61 6c 6c 2c 20 62 61  6c 6c 61 64 2c 20 62 61  |ball, ballad, ba|
0001c390  6c 6c 61 73 74 2c 20 62  61 6c 6c 65 74 2c 20 62  |llast, ballet, b|
0001c3a0  61 6c 6c 69 73 74 69 63  2c 20 62 61 6c 6c 6f 6f  |allistic, balloo|
0001c3b0  6e 2c 20 62 61 6c 6c 6f  74 2c 20 62 61 6c 6c 70  |n, ballot, ballp|
0001c3c0  61 72 6b 2c 20 62 61 6c  6d 2c 20 62 61 6c 6d 79  |ark, balm, balmy|
0001c3d0  2c 20 62 61 6d 62 6f 6f  2c 20 62 61 6e 2c 20 62  |, bamboo, ban, b|
0001c3e0  61 6e 61 6e 61 2c 20 62  61 6e 64 2c 20 62 61 6e  |anana, band, ban|
0001c3f0  64 61 67 65 2c 20 62 61  6e 64 69 74 2c 20 62 61  |dage, bandit, ba|
0001c400  6e 67 2c 20 62 61 6e 69  73 68 2c 20 62 61 6e 69  |ng, banish, bani|
0001c410  73 74 65 72 2c 20 62 61  6e 6b 2c 20 62 61 6e 6b  |ster, bank, bank|
0001c420  65 72 2c 20 62 61 6e 6b  72 75 70 74 2c 20 62 61  |er, bankrupt, ba|
0001c430  6e 6b 72 75 70 74 63 79  2c 20 62 61 6e 6e 65 72  |nkruptcy, banner|
0001c440  2c 20 62 61 6e 74 65 72  2c 20 62 61 70 74 69 73  |, banter, baptis|
0001c450  6d 2c 20 62 61 72 2c 20  62 61 72 62 61 72 69 63  |m, bar, barbaric|
0001c460  2c 20 62 61 72 62 65 63  75 65 2c 20 62 61 72 64  |, barbecue, bard|
0001c470  2c 20 62 61 72 65 2c 20  62 61 72 65 66 6f 6f 74  |, bare, barefoot|
0001c480  2c 20 62 61 72 65 6c 79  2c 20 62 61 72 67 61 69  |, barely, bargai|
0001c490  6e 2c 20 62 61 72 67 65  2c 20 62 61 72 6b 2c 20  |n, barge, bark, |
0001c4a0  62 61 72 6c 65 79 2c 20  62 61 72 6e 2c 20 62 61  |barley, barn, ba|
0001c4b0  72 6f 6d 65 74 65 72 2c  20 62 61 72 72 61 63 6b  |rometer, barrack|
0001c4c0  2c 20 62 61 72 72 61 67  65 2c 20 62 61 72 72 65  |, barrage, barre|
0001c4d0  6c 2c 20 62 61 72 72 65  6e 2c 20 62 61 72 72 69  |l, barren, barri|
0001c4e0  63 61 64 65 2c 20 62 61  72 72 69 65 72 2c 20 62  |cade, barrier, b|
0001c4f0  61 73 65 2c 20 62 61 73  65 62 61 6c 6c 2c 20 62  |ase, baseball, b|
0001c500  61 73 65 6d 65 6e 74 2c  20 62 61 73 68 2c 20 62  |asement, bash, b|
0001c510  61 73 68 66 75 6c 2c 20  62 61 73 69 63 2c 20 62  |ashful, basic, b|
0001c520  61 73 69 6c 2c 20 62 61  73 69 6e 2c 20 62 61 73  |asil, basin, bas|
0001c530  69 73 2c 20 62 61 73 6b  65 74 2c 20 62 61 73 6b  |is, basket, bask|
0001c540  65 74 62 61 6c 6c 2c 20  62 61 73 73 2c 20 62 61  |etball, bass, ba|
0001c550  73 73 69 6e 65 74 2c 20  62 61 73 74 61 72 64 2c  |ssinet, bastard,|
0001c560  20 62 61 74 2c 20 62 61  74 63 68 2c 20 62 61 74  | bat, batch, bat|
0001c570  68 2c 20 62 61 74 68 72  6f 62 65 2c 20 62 61 74  |h, bathrobe, bat|
0001c580  68 72 6f 6f 6d 2c 20 62  61 74 68 74 75 62 2c 20  |hroom, bathtub, |
0001c590  62 61 74 74 65 72 2c 20  62 61 74 74 65 72 79 2c  |batter, battery,|
0001c5a0  20 62 61 74 74 6c 65 2c  20 62 61 77 6c 2c 20 62  | battle, bawl, b|
0001c5b0  61 79 2c 20 62 61 79 6f  6e 65 74 2c 20 62 61 79  |ay, bayonet, bay|
0001c5c0  6f 75 2c 20 62 65 61 63  68 2c 20 62 65 61 63 6f  |ou, beach, beaco|
0001c5d0  6e 2c 20 62 65 61 64 2c  20 62 65 61 6b 2c 20 62  |n, bead, beak, b|
0001c5e0  65 61 6d 2c 20 62 65 61  6e 2c 20 62 65 61 72 2c  |eam, bean, bear,|
0001c5f0  20 62 65 61 72 64 2c 20  62 65 61 72 65 72 2c 20  | beard, bearer, |
0001c600  62 65 61 73 74 2c 20 62  65 61 74 2c 20 62 65 61  |beast, beat, bea|
0001c610  74 69 6e 67 2c 20 62 65  61 75 74 69 66 75 6c 2c  |ting, beautiful,|
0001c620  20 62 65 61 75 74 79 2c  20 62 65 61 76 65 72 2c  | beauty, beaver,|
0001c630  20 62 65 63 61 75 73 65  2c 20 62 65 63 6b 6f 6e  | because, beckon|
0001c640  2c 20 62 65 63 6f 6d 65  2c 20 62 65 64 2c 20 62  |, become, bed, b|
0001c650  65 64 62 75 67 2c 20 62  65 64 6c 61 6d 2c 20 62  |edbug, bedlam, b|
0001c660  65 64 72 6f 63 6b 2c 20  62 65 64 72 6f 6f 6d 2c  |edrock, bedroom,|
0001c670  20 62 65 64 73 69 64 65  2c 20 62 65 64 73 70 72  | bedside, bedspr|
0001c680  65 61 64 2c 20 62 65 64  73 74 65 61 64 2c 20 62  |ead, bedstead, b|
0001c690  65 64 74 69 6d 65 2c 20  62 65 65 2c 20 62 65 65  |edtime, bee, bee|
0001c6a0  66 2c 20 62 65 65 66 79  2c 20 62 65 65 68 69 76  |f, beefy, beehiv|
0001c6b0  65 2c 20 62 65 65 6e 2c  20 62 65 65 70 2c 20 62  |e, been, beep, b|
0001c6c0  65 65 72 2c 20 62 65 65  74 6c 65 2c 20 62 65 66  |eer, beetle, bef|
0001c6d0  6f 72 65 2c 20 62 65 66  6f 72 65 68 61 6e 64 2c  |ore, beforehand,|
0001c6e0  20 62 65 67 2c 20 62 65  67 67 61 72 2c 20 62 65  | beg, beggar, be|
0001c6f0  67 69 6e 2c 20 62 65 67  69 6e 6e 65 72 2c 20 62  |gin, beginner, b|
0001c700  65 67 69 6e 6e 69 6e 67  2c 20 62 65 68 61 6c 66  |eginning, behalf|
0001c710  2c 20 62 65 68 61 76 65  2c 20 62 65 68 61 76 69  |, behave, behavi|
0001c720  6f 72 2c 20 62 65 68 65  61 64 2c 20 62 65 68 69  |or, behead, behi|
0001c730  6e 64 2c 20 62 65 68 6f  6c 64 2c 20 62 65 69 6e  |nd, behold, bein|
0001c740  67 2c 20 62 65 6c 61 74  65 64 2c 20 62 65 6c 63  |g, belated, belc|
0001c750  68 2c 20 62 65 6c 65 61  67 75 65 72 2c 20 62 65  |h, beleaguer, be|
0001c760  6c 69 65 66 2c 20 62 65  6c 69 65 76 61 62 6c 65  |lief, believable|
0001c770  2c 20 62 65 6c 69 65 76  65 2c 20 62 65 6c 69 74  |, believe, belit|
0001c780  74 6c 65 2c 20 62 65 6c  6c 2c 20 62 65 6c 6c 62  |tle, bell, bellb|
0001c790  6f 79 2c 20 62 65 6c 6c  69 67 65 72 65 6e 74 2c  |oy, belligerent,|
0001c7a0  20 62 65 6c 6c 6f 77 73  2c 20 62 65 6c 6c 79 2c  | bellows, belly,|
0001c7b0  20 62 65 6c 6f 6e 67 2c  20 62 65 6c 6f 76 65 64  | belong, beloved|
0001c7c0  2c 20 62 65 6c 6f 77 2c  20 62 65 6c 74 2c 20 62  |, below, belt, b|
0001c7d0  65 6d 6f 61 6e 2c 20 62  65 6e 63 68 2c 20 62 65  |emoan, bench, be|
0001c7e0  6e 63 68 77 61 72 6d 65  72 2c 20 62 65 6e 64 2c  |nchwarmer, bend,|
0001c7f0  20 62 65 6e 65 61 74 68  2c 20 62 65 6e 65 66 69  | beneath, benefi|
0001c800  63 69 61 6c 2c 20 62 65  6e 65 66 69 74 2c 20 62  |cial, benefit, b|
0001c810  65 6e 65 76 6f 6c 65 6e  74 2c 20 62 65 6e 74 2c  |enevolent, bent,|
0001c820  20 62 65 72 61 74 65 2c  20 62 65 72 65 61 76 65  | berate, bereave|
0001c830  6d 65 6e 74 2c 20 62 65  72 65 66 74 2c 20 62 65  |ment, bereft, be|
0001c840  72 73 65 72 6b 2c 20 62  65 72 74 68 2c 20 62 65  |rserk, berth, be|
0001c850  73 69 64 65 2c 20 62 65  73 69 64 65 73 2c 20 62  |side, besides, b|
0001c860  65 73 69 65 67 65 2c 20  62 65 73 74 2c 20 62 65  |esiege, best, be|
0001c870  73 74 6f 77 2c 20 62 65  74 2c 20 62 65 74 72 61  |stow, bet, betra|
0001c880  79 2c 20 62 65 74 72 61  79 61 6c 2c 20 62 65 74  |y, betrayal, bet|
0001c890  74 65 72 2c 20 62 65 74  77 65 65 6e 2c 20 62 65  |ter, between, be|
0001c8a0  76 65 72 61 67 65 2c 20  62 65 77 61 72 65 2c 20  |verage, beware, |
0001c8b0  62 65 77 69 6c 64 65 72  2c 20 62 65 79 6f 6e 64  |bewilder, beyond|
0001c8c0  2c 20 62 69 61 73 2c 20  62 69 61 73 65 64 2c 20  |, bias, biased, |
0001c8d0  62 69 62 6c 65 2c 20 62  69 62 2c 20 62 69 62 6c  |bible, bib, bibl|
0001c8e0  69 63 61 6c 6c 79 2c 20  62 69 62 6c 69 6f 70 68  |ically, biblioph|
0001c8f0  69 6c 65 2c 20 62 69 63  6b 65 72 2c 20 62 69 63  |ile, bicker, bic|
0001c900  79 63 6c 65 2c 20 62 69  64 2c 20 62 69 64 64 65  |ycle, bid, bidde|
0001c910  72 2c 20 62 69 64 65 2c  20 62 69 65 6e 6e 69 61  |r, bide, biennia|
0001c920  6c 2c 20 62 69 66 6f 63  61 6c 2c 20 62 69 67 2c  |l, bifocal, big,|
0001c930  20 62 69 67 6f 74 72 79  2c 20 62 69 6b 65 2c 20  | bigotry, bike, |
0001c940  62 69 6b 69 6e 69 2c 20  62 69 6c 65 2c 20 62 69  |bikini, bile, bi|
0001c950  6c 69 6e 67 75 61 6c 2c  20 62 69 6c 6c 2c 20 62  |lingual, bill, b|
0001c960  69 6c 6c 62 6f 61 72 64  2c 20 62 69 6c 6c 65 74  |illboard, billet|
0001c970  2c 20 62 69 6c 6c 66 6f  6c 64 2c 20 62 69 6c 6c  |, billfold, bill|
0001c980  69 6e 67 2c 20 62 69 6c  6c 69 6f 6e 2c 20 62 69  |ing, billion, bi|
0001c990  6c 6c 69 6f 6e 61 69 72  65 2c 20 62 69 6c 6c 6f  |llionaire, billo|
0001c9a0  77 2c 20 62 69 6e 2c 20  62 69 6e 64 2c 20 62 69  |w, bin, bind, bi|
0001c9b0  6e 64 65 72 2c 20 62 69  6e 67 65 2c 20 62 69 6e  |nder, binge, bin|
0001c9c0  67 6f 2c 20 62 69 6e 6f  63 75 6c 61 72 73 2c 20  |go, binoculars, |
0001c9d0  62 69 6f 63 68 65 6d 69  73 74 72 79 2c 20 62 69  |biochemistry, bi|
0001c9e0  6f 64 65 67 72 61 64 61  62 6c 65 2c 20 62 69 6f  |odegradable, bio|
0001c9f0  67 72 61 70 68 79 2c 20  62 69 6f 6c 6f 67 69 63  |graphy, biologic|
0001ca00  61 6c 2c 20 62 69 6f 6c  6f 67 69 73 74 2c 20 62  |al, biologist, b|
0001ca10  69 6f 6c 6f 67 79 2c 20  62 69 6f 6e 69 63 2c 20  |iology, bionic, |
0001ca20  62 69 6f 70 73 79 2c 20  62 69 70 61 72 74 69 73  |biopsy, bipartis|
0001ca30  61 6e 2c 20 62 69 72 63  68 2c 20 62 69 72 64 2c  |an, birch, bird,|
0001ca40  20 62 69 72 74 68 2c 20  62 69 72 74 68 64 61 79  | birth, birthday|
0001ca50  2c 20 62 69 73 63 75 69  74 2c 20 62 69 73 65 63  |, biscuit, bisec|
0001ca60  74 2c 20 62 69 73 68 6f  70 2c 20 62 69 73 6f 6e  |t, bishop, bison|
0001ca70  2c 20 62 69 74 2c 20 62  69 74 63 68 2c 20 62 69  |, bit, bitch, bi|
0001ca80  74 65 2c 20 62 69 74 69  6e 67 2c 20 62 69 74 74  |te, biting, bitt|
0001ca90  65 72 2c 20 62 69 74 74  65 72 6c 79 2c 20 62 69  |er, bitterly, bi|
0001caa0  7a 61 72 72 65 2c 20 62  6c 61 63 6b 2c 20 62 6c  |zarre, black, bl|
0001cab0  61 63 6b 6d 61 69 6c 2c  20 62 6c 61 63 6b 73 6d  |ackmail, blacksm|
0001cac0  69 74 68 2c 20 62 6c 61  64 64 65 72 2c 20 62 6c  |ith, bladder, bl|
0001cad0  61 64 65 2c 20 62 6c 61  68 2c 20 62 6c 61 6d 65  |ade, blah, blame|
0001cae0  2c 20 62 6c 61 6e 63 68  2c 20 62 6c 61 6e 64 2c  |, blanch, bland,|
0001caf0  20 62 6c 61 6e 6b 65 74  2c 20 62 6c 61 72 65 2c  | blanket, blare,|
0001cb00  20 62 6c 61 73 70 68 65  6d 79 2c 20 62 6c 61 73  | blasphemy, blas|
0001cb10  74 2c 20 62 6c 61 74 61  6e 74 2c 20 62 6c 61 7a  |t, blatant, blaz|
0001cb20  65 2c 20 62 6c 65 61 63  68 2c 20 62 6c 65 61 6b  |e, bleach, bleak|
0001cb30  2c 20 62 6c 65 61 72 69  6c 79 2c 20 62 6c 65 6d  |, blearily, blem|
0001cb40  69 73 68 2c 20 62 6c 65  6e 64 2c 20 62 6c 65 73  |ish, blend, bles|
0001cb50  73 69 6e 67 2c 20 62 6c  69 67 68 74 2c 20 62 6c  |sing, blight, bl|
0001cb60  69 6d 70 2c 20 62 6c 69  6e 64 2c 20 62 6c 69 6e  |imp, blind, blin|
0001cb70  64 6c 79 2c 20 62 6c 69  6e 64 73 69 64 65 2c 20  |dly, blindside, |
0001cb80  62 6c 69 6e 6b 2c 20 62  6c 69 73 74 65 72 2c 20  |blink, blister, |
0001cb90  62 6c 69 7a 7a 61 72 64  2c 20 62 6c 6f 61 74 2c  |blizzard, bloat,|
0001cba0  20 62 6c 6f 62 2c 20 62  6c 6f 63 6b 2c 20 62 6c  | blob, block, bl|
0001cbb0  6f 63 6b 61 64 65 2c 20  62 6c 6f 63 6b 61 67 65  |ockade, blockage|
0001cbc0  2c 20 62 6c 6f 63 6b 62  75 73 74 65 72 2c 20 62  |, blockbuster, b|
0001cbd0  6c 6f 67 2c 20 62 6c 6f  6e 64 2c 20 62 6c 6f 6e  |log, blond, blon|
0001cbe0  64 65 2c 20 62 6c 6f 6f  64 2c 20 62 6c 6f 6f 64  |de, blood, blood|
0001cbf0  68 6f 75 6e 64 2c 20 62  6c 6f 6f 64 73 68 65 64  |hound, bloodshed|
0001cc00  2c 20 62 6c 6f 6f 64 74  68 69 72 73 74 79 2c 20  |, bloodthirsty, |
0001cc10  62 6c 6f 6f 64 79 2c 20  62 6c 6f 6f 6d 2c 20 62  |bloody, bloom, b|
0001cc20  6c 6f 73 73 6f 6d 2c 20  62 6c 6f 74 2c 20 62 6c  |lossom, blot, bl|
0001cc30  6f 74 63 68 2c 20 62 6c  6f 75 73 65 2c 20 62 6c  |otch, blouse, bl|
0001cc40  6f 77 2c 20 62 6c 6f 77  67 75 6e 2c 20 62 6c 6f  |ow, blowgun, blo|
0001cc50  77 6f 75 74 2c 20 62 6c  6f 77 74 6f 72 63 68 2c  |wout, blowtorch,|
0001cc60  20 62 6c 6f 77 75 70 2c  20 62 6c 75 65 2c 20 62  | blowup, blue, b|
0001cc70  6c 75 65 62 69 72 64 2c  20 62 6c 75 65 70 72 69  |luebird, bluepri|
0001cc80  6e 74 2c 20 62 6c 75 66  66 2c 20 62 6c 75 6e 64  |nt, bluff, blund|
0001cc90  65 72 2c 20 62 6c 75 6e  74 2c 20 62 6c 75 72 2c  |er, blunt, blur,|
0001cca0  20 62 6c 75 72 72 79 2c  20 62 6c 75 73 68 2c 20  | blurry, blush, |
0001ccb0  62 6f 61 72 64 2c 20 62  6f 61 72 64 65 72 2c 20  |board, boarder, |
0001ccc0  62 6f 61 72 64 69 6e 67  2c 20 62 6f 61 73 74 2c  |boarding, boast,|
0001ccd0  20 62 6f 61 74 2c 20 62  6f 62 2c 20 62 6f 62 62  | boat, bob, bobb|
0001cce0  6c 65 2c 20 62 6f 62 62  79 2c 20 62 6f 62 73 6c  |le, bobby, bobsl|
0001ccf0  65 64 2c 20 62 6f 62 74  61 69 6c 2c 20 62 6f 64  |ed, bobtail, bod|
0001cd00  79 2c 20 62 6f 64 79 67  75 61 72 64 2c 20 62 6f  |y, bodyguard, bo|
0001cd10  67 2c 20 62 6f 67 65 79  2c 20 62 6f 67 67 6c 65  |g, bogey, boggle|
0001cd20  2c 20 62 6f 67 75 73 2c  20 62 6f 69 6c 2c 20 62  |, bogus, boil, b|
0001cd30  6f 69 6c 65 72 2c 20 62  6f 6c 64 2c 20 62 6f 6c  |oiler, bold, bol|
0001cd40  64 6c 79 2c 20 62 6f 6c  65 72 6f 2c 20 62 6f 6c  |dly, bolero, bol|
0001cd50  73 74 65 72 2c 20 62 6f  6c 74 2c 20 62 6f 6d 62  |ster, bolt, bomb|
0001cd60  2c 20 62 6f 6d 62 61 72  64 2c 20 62 6f 6d 62 61  |, bombard, bomba|
0001cd70  72 64 6d 65 6e 74 2c 20  62 6f 6d 62 65 72 2c 20  |rdment, bomber, |
0001cd80  62 6f 6d 62 69 6e 67 2c  20 62 6f 6e 64 2c 20 62  |bombing, bond, b|
0001cd90  6f 6e 64 61 67 65 2c 20  62 6f 6e 64 68 6f 6c 64  |ondage, bondhold|
0001cda0  65 72 2c 20 62 6f 6e 64  73 6d 61 6e 2c 20 62 6f  |er, bondsman, bo|
0001cdb0  6e 65 2c 20 62 6f 6e 66  69 72 65 2c 20 62 6f 6e  |ne, bonfire, bon|
0001cdc0  67 6f 2c 20 62 6f 6e 6b  65 72 73 2c 20 62 6f 6e  |go, bonkers, bon|
0001cdd0  6e 65 74 2c 20 62 6f 6e  75 73 2c 20 62 6f 6e 79  |net, bonus, bony|
0001cde0  2c 20 62 6f 6f 2c 20 62  6f 6f 62 2c 20 62 6f 6f  |, boo, boob, boo|
0001cdf0  69 6e 67 2c 20 62 6f 6f  6b 2c 20 62 6f 6f 6b 63  |ing, book, bookc|
0001ce00  61 73 65 2c 20 62 6f 6f  6b 65 6e 64 2c 20 62 6f  |ase, bookend, bo|
0001ce10  6f 6b 6c 65 74 2c 20 62  6f 6f 6b 6d 61 72 6b 2c  |oklet, bookmark,|
0001ce20  20 62 6f 6f 6b 73 65 6c  6c 65 72 2c 20 62 6f 6f  | bookseller, boo|
0001ce30  6b 73 68 65 6c 66 2c 20  62 6f 6f 6b 73 68 6f 70  |kshelf, bookshop|
0001ce40  2c 20 62 6f 6f 6b 73 74  6f 72 65 2c 20 62 6f 6f  |, bookstore, boo|
0001ce50  6d 2c 20 62 6f 6f 6d 69  6e 67 2c 20 62 6f 6f 6d  |m, booming, boom|
0001ce60  65 72 61 6e 67 2c 20 62  6f 6f 6e 2c 20 62 6f 6f  |erang, boon, boo|
0001ce70  6e 64 6f 67 67 6c 65 2c  20 62 6f 6f 72 69 73 68  |ndoggle, boorish|
0001ce80  2c 20 62 6f 6f 73 74 2c  20 62 6f 6f 73 74 65 72  |, boost, booster|
0001ce90  2c 20 62 6f 6f 74 2c 20  62 6f 6f 74 68 2c 20 62  |, boot, booth, b|
0001cea0  6f 6f 74 6c 65 67 2c 20  62 6f 6f 74 6c 65 67 67  |ootleg, bootlegg|
0001ceb0  65 72 2c 20 62 6f 6f 74  79 2c 20 62 6f 6f 7a 65  |er, booty, booze|
0001cec0  2c 20 62 6f 70 2c 20 62  6f 72 64 65 72 2c 20 62  |, bop, border, b|
0001ced0  6f 72 65 2c 20 62 6f 72  65 64 6f 6d 2c 20 62 6f  |ore, boredom, bo|
0001cee0  72 69 6e 67 2c 20 62 6f  72 6e 2c 20 62 6f 72 6f  |ring, born, boro|
0001cef0  75 67 68 2c 20 62 6f 72  72 6f 77 2c 20 62 6f 72  |ugh, borrow, bor|
0001cf00  72 6f 77 65 72 2c 20 62  6f 73 73 2c 20 62 6f 73  |rower, boss, bos|
0001cf10  73 79 2c 20 62 6f 74 61  6e 79 2c 20 62 6f 74 63  |sy, botany, botc|
0001cf20  68 2c 20 62 6f 74 68 2c  20 62 6f 74 68 65 72 2c  |h, both, bother,|
0001cf30  20 62 6f 74 74 6c 65 2c  20 62 6f 74 74 6c 65 6e  | bottle, bottlen|
0001cf40  65 63 6b 2c 20 62 6f 74  74 6f 6d 2c 20 62 6f 75  |eck, bottom, bou|
0001cf50  67 68 74 2c 20 62 6f 75  6c 64 65 72 2c 20 62 6f  |ght, boulder, bo|
0001cf60  75 6e 63 65 2c 20 62 6f  75 6e 63 65 72 2c 20 62  |unce, bouncer, b|
0001cf70  6f 75 6e 63 79 2c 20 62  6f 75 6e 64 2c 20 62 6f  |ouncy, bound, bo|
0001cf80  75 6e 64 61 72 79 2c 20  62 6f 75 6e 74 69 66 75  |undary, bountifu|
0001cf90  6c 2c 20 62 6f 75 6e 74  79 2c 20 62 6f 75 71 75  |l, bounty, bouqu|
0001cfa0  65 74 2c 20 62 6f 75 72  62 6f 6e 2c 20 62 6f 75  |et, bourbon, bou|
0001cfb0  72 67 65 6f 69 73 2c 20  62 6f 75 72 67 65 6f 69  |rgeois, bourgeoi|
0001cfc0  73 69 65 2c 20 62 6f 75  74 2c 20 62 6f 75 74 69  |sie, bout, bouti|
0001cfd0  71 75 65 2c 20 62 6f 77  65 6c 2c 20 62 6f 77 65  |que, bowel, bowe|
0001cfe0  6c 73 2c 20 62 6f 77 65  72 2c 20 62 6f 77 6c 2c  |ls, bower, bowl,|
0001cff0  20 62 6f 77 6c 65 67 67  65 64 2c 20 62 6f 77 6c  | bowlegged, bowl|
0001d000  00 00 00 00 00 00 00 00  00 00 00 00 00 00 00 00  |................|
*
0001e000  65 72 2c 20 62 6f 77 6c  69 6e 67 2c 20 62 6f 77  |er, bowling, bow|
0001e010  73 70 72 69 74 2c 20 62  6f 78 2c 20 62 6f 78 63  |sprit, box, boxc|
0001e020  61 72 2c 20 62 6f 78 65  72 2c 20 62 6f 78 69 6e  |ar, boxer, boxin|
0001e030  67 2c 20 62 6f 79 2c 20  62 6f 79 63 6f 74 74 2c  |g, boy, boycott,|
0001e040  20 62 6f 79 66 72 69 65  6e 64 2c 20 62 6f 79 68  | boyfriend, boyh|
0001e050  6f 6f 64 2c 20 62 72 61  2c 20 62 72 61 63 65 2c  |ood, bra, brace,|
0001e060  20 62 72 61 63 65 6c 65  74 2c 20 62 72 61 63 69  | bracelet, braci|
0001e070  6e 67 2c 20 62 72 61 63  6b 65 74 2c 20 62 72 61  |ng, bracket, bra|
0001e080  63 6b 69 73 68 2c 20 62  72 61 67 67 61 72 74 2c  |ckish, braggart,|
0001e090  20 62 72 61 69 64 2c 20  62 72 61 69 6c 6c 65 2c  | braid, braille,|
0001e0a0  20 62 72 61 69 6e 2c 20  62 72 61 69 6e 63 68 69  | brain, brainchi|
0001e0b0  6c 64 2c 20 62 72 61 69  6e 6c 65 73 73 2c 20 62  |ld, brainless, b|
0001e0c0  72 61 69 6e 73 74 6f 72  6d 2c 20 62 72 61 69 6e  |rainstorm, brain|
0001e0d0  77 61 73 68 2c 20 62 72  61 69 6e 77 61 73 68 69  |wash, brainwashi|
0001e0e0  6e 67 2c 20 62 72 61 69  6e 79 2c 20 62 72 61 69  |ng, brainy, brai|
0001e0f0  73 65 2c 20 62 72 61 6b  65 2c 20 62 72 61 6d 62  |se, brake, bramb|
0001e100  6c 65 2c 20 62 72 61 6e  2c 20 62 72 61 6e 63 68  |le, bran, branch|
0001e110  2c 20 62 72 61 6e 64 2c  20 62 72 61 6e 64 69 73  |, brand, brandis|
0001e120  68 2c 20 62 72 61 73 68  2c 20 62 72 61 73 73 2c  |h, brash, brass,|
0001e130  20 62 72 61 73 73 69 65  72 65 2c 20 62 72 61 74  | brassiere, brat|
0001e140  2c 20 62 72 61 74 74 79  2c 20 62 72 61 76 65 2c  |, bratty, brave,|
0001e150  20 62 72 61 76 65 72 79  2c 20 62 72 61 76 6f 2c  | bravery, bravo,|
0001e160  20 62 72 61 77 6c 2c 20  62 72 61 77 6e 2c 20 62  | brawl, brawn, b|
0001e170  72 61 77 6e 79 2c 20 62  72 61 79 2c 20 62 72 61  |rawny, bray, bra|
0001e180  7a 65 6e 2c 20 62 72 65  61 63 68 2c 20 62 72 65  |zen, breach, bre|
0001e190  61 64 2c 20 62 72 65 61  64 63 72 75 6d 62 2c 20  |ad, breadcrumb, |
0001e1a0  62 72 65 61 64 74 68 2c  20 62 72 65 61 6b 2c 20  |breadth, break, |
0001e1b0  62 72 65 61 6b 61 62 6c  65 2c 20 62 72 65 61 6b  |breakable, break|
0001e1c0  64 6f 77 6e 2c 20 62 72  65 61 6b 66 61 73 74 2c  |down, breakfast,|
0001e1d0  20 62 72 65 61 6b 6e 65  63 6b 2c 20 62 72 65 61  | breakneck, brea|
0001e1e0  6b 6f 75 74 2c 20 62 72  65 61 6b 74 68 72 6f 75  |kout, breakthrou|
0001e1f0  67 68 2c 20 62 72 65 61  6b 75 70 2c 20 62 72 65  |gh, breakup, bre|
0001e200  61 74 68 2c 20 62 72 65  61 74 68 74 61 6b 69 6e  |ath, breathtakin|
0001e210  67 2c 20 62 72 65 61 74  68 65 2c 20 62 72 65 61  |g, breathe, brea|
0001e220  74 68 69 6e 67 2c 20 62  72 65 65 64 2c 20 62 72  |thing, breed, br|
0001e230  65 65 64 69 6e 67 2c 20  62 72 65 65 7a 65 2c 20  |eeding, breeze, |
0001e240  62 72 65 65 7a 79 2c 20  62 72 65 74 68 72 65 6e  |breezy, brethren|
0001e250  2c 20 62 72 65 76 69 74  79 2c 20 62 72 65 77 2c  |, brevity, brew,|
0001e260  20 62 72 65 77 65 72 79  2c 20 62 72 69 62 65 2c  | brewery, bribe,|
0001e270  20 62 72 69 62 65 72 79  2c 20 62 72 69 63 6b 2c  | bribery, brick,|
0001e280  20 62 72 69 64 61 6c 2c  20 62 72 69 64 65 2c 20  | bridal, bride, |
0001e290  62 72 69 64 67 65 2c 20  62 72 69 65 2c 20 62 72  |bridge, brie, br|
0001e2a0  69 65 66 2c 20 62 72 69  65 66 69 6e 67 2c 20 62  |ief, briefing, b|
0001e2b0  72 69 65 66 6c 79 2c 20  62 72 69 67 2c 20 62 72  |riefly, brig, br|
0001e2c0  69 67 61 64 65 2c 20 62  72 69 67 68 74 2c 20 62  |igade, bright, b|
0001e2d0  72 69 67 68 74 65 6e 2c  20 62 72 69 67 68 74 6c  |righten, brightl|
0001e2e0  79 2c 20 62 72 69 67 68  74 6e 65 73 73 2c 20 62  |y, brightness, b|
0001e2f0  72 69 6c 6c 69 61 6e 74  2c 20 62 72 69 6d 2c 20  |rilliant, brim, |
0001e300  62 72 69 6e 65 2c 20 62  72 69 6e 67 2c 20 62 72  |brine, bring, br|
0001e310  69 6e 6b 2c 20 62 72 69  73 6b 2c 20 62 72 69 73  |ink, brisk, bris|
0001e320  74 6c 65 2c 20 62 72 69  74 74 6c 65 2c 20 62 72  |tle, brittle, br|
0001e330  6f 63 63 6f 6c 69 2c 20  62 72 6f 63 68 75 72 65  |occoli, brochure|
0001e340  2c 20 62 72 6f 69 6c 2c  20 62 72 6f 6b 65 2c 20  |, broil, broke, |
0001e350  62 72 6f 6b 65 6e 2c 20  62 72 6f 6b 65 72 2c 20  |broken, broker, |
0001e360  62 72 6f 6b 65 72 61 67  65 2c 20 62 72 6f 6e 63  |brokerage, bronc|
0001e370  6f 2c 20 62 72 6f 6e 7a  65 2c 20 62 72 6f 6f 63  |o, bronze, brooc|
0001e380  68 2c 20 62 72 6f 6f 64  2c 20 62 72 6f 6f 6b 2c  |h, brood, brook,|
0001e390  20 62 72 6f 6f 6d 2c 20  62 72 6f 74 68 2c 20 62  | broom, broth, b|
0001e3a0  72 6f 74 68 65 6c 2c 20  62 72 6f 74 68 65 72 2c  |rothel, brother,|
0001e3b0  20 62 72 6f 74 68 65 72  68 6f 6f 64 2c 20 62 72  | brotherhood, br|
0001e3c0  6f 75 67 68 74 2c 20 62  72 6f 77 2c 20 62 72 6f  |ought, brow, bro|
0001e3d0  77 62 65 61 74 2c 20 62  72 6f 77 6e 2c 20 62 72  |wbeat, brown, br|
0001e3e0  6f 77 73 65 2c 20 62 72  6f 77 73 65 72 2c 20 62  |owse, browser, b|
0001e3f0  72 75 69 73 65 2c 20 62  72 75 6e 63 68 2c 20 62  |ruise, brunch, b|
0001e400  72 75 6e 65 74 74 65 2c  20 62 72 75 6e 74 2c 20  |runette, brunt, |
0001e410  62 72 75 73 68 2c 20 62  72 75 73 68 73 74 72 6f  |brush, brushstro|
0001e420  6b 65 2c 20 62 72 75 74  61 6c 2c 20 62 72 75 74  |ke, brutal, brut|
0001e430  61 6c 69 74 79 2c 20 62  72 75 74 65 2c 20 62 72  |ality, brute, br|
0001e440  75 74 61 6c 6c 79 2c 20  62 75 62 2c 20 62 75 62  |utally, bub, bub|
0001e450  62 6c 65 2c 20 62 75 62  62 6c 79 2c 20 62 75 63  |ble, bubbly, buc|
0001e460  6b 6c 65 2c 20 62 75 63  6b 73 68 6f 74 2c 20 62  |kle, buckshot, b|
0001e470  75 63 6b 73 6b 69 6e 2c  20 62 75 63 6b 77 68 65  |uckskin, buckwhe|
0001e480  61 74 2c 20 62 75 64 2c  20 62 75 64 64 68 61 2c  |at, bud, buddha,|
0001e490  20 62 75 64 67 65 74 2c  20 62 75 66 66 2c 20 62  | budget, buff, b|
0001e4a0  75 66 66 61 6c 6f 2c 20  62 75 66 66 65 72 2c 20  |uffalo, buffer, |
0001e4b0  62 75 66 66 65 74 2c 20  62 75 66 66 6f 6f 6e 2c  |buffet, buffoon,|
0001e4c0  20 62 75 67 2c 20 62 75  67 67 79 2c 20 62 75 69  | bug, buggy, bui|
0001e4d0  6c 64 2c 20 62 75 69 6c  64 65 72 2c 20 62 75 69  |ld, builder, bui|
0001e4e0  6c 64 69 6e 67 2c 20 62  75 69 6c 64 75 70 2c 20  |lding, buildup, |
0001e4f0  62 75 69 6c 74 2c 20 62  75 6c 62 2c 20 62 75 6c  |built, bulb, bul|
0001e500  67 65 2c 20 62 75 6c 6b  2c 20 62 75 6c 6b 79 2c  |ge, bulk, bulky,|
0001e510  20 62 75 6c 6c 2c 20 62  75 6c 6c 64 6f 67 2c 20  | bull, bulldog, |
0001e520  62 75 6c 6c 65 74 2c 20  62 75 6c 6c 65 74 69 6e  |bullet, bulletin|
0001e530  2c 20 62 75 6c 6c 66 69  67 68 74 2c 20 62 75 6c  |, bullfight, bul|
0001e540  6c 66 69 67 68 74 65 72  2c 20 62 75 6c 6c 66 69  |lfighter, bullfi|
0001e550  67 68 74 69 6e 67 2c 20  62 75 6c 6c 69 73 68 2c  |ghting, bullish,|
0001e560  20 62 75 6c 6c 69 6f 6e  2c 20 62 75 6c 6c 79 2c  | bullion, bully,|
0001e570  20 62 75 6d 62 6c 65 62  65 65 2c 20 62 75 6d 62  | bumblebee, bumb|
0001e580  6c 69 6e 67 2c 20 62 75  6d 70 2c 20 62 75 6d 70  |ling, bump, bump|
0001e590  65 72 2c 20 62 75 6d 70  79 2c 20 62 75 6e 2c 20  |er, bumpy, bun, |
0001e5a0  62 75 6e 63 68 2c 20 62  75 6e 64 6c 65 2c 20 62  |bunch, bundle, b|
0001e5b0  75 6e 67 61 6c 6f 77 2c  20 62 75 6e 67 6c 65 2c  |ungalow, bungle,|
0001e5c0  20 62 75 6e 69 6f 6e 2c  20 62 75 6e 6b 2c 20 62  | bunion, bunk, b|
0001e5d0  75 6e 6b 65 72 2c 20 62  75 6e 6e 79 2c 20 62 75  |unker, bunny, bu|
0001e5e0  6e 74 2c 20 62 75 6f 79  2c 20 62 75 6f 79 61 6e  |nt, buoy, buoyan|
0001e5f0  74 2c 20 62 75 72 64 65  6e 2c 20 62 75 72 65 61  |t, burden, burea|
0001e600  75 2c 20 62 75 72 65 61  75 63 72 61 63 79 2c 20  |u, bureaucracy, |
0001e610  62 75 72 67 6c 61 72 2c  20 62 75 72 67 6c 61 72  |burglar, burglar|
0001e620  79 2c 20 62 75 72 67 6c  65 2c 20 62 75 72 69 61  |y, burgle, buria|
0001e630  6c 2c 20 62 75 72 6c 61  70 2c 20 62 75 72 6c 79  |l, burlap, burly|
0001e640  2c 20 62 75 72 6e 2c 20  62 75 72 6e 69 73 68 2c  |, burn, burnish,|
0001e650  20 62 75 72 72 6f 77 2c  20 62 75 72 73 74 2c 20  | burrow, burst, |
0001e660  62 75 72 79 2c 20 62 75  73 2c 20 62 75 73 62 6f  |bury, bus, busbo|
0001e670  79 2c 20 62 75 73 68 2c  20 62 75 73 68 65 6c 2c  |y, bush, bushel,|
0001e680  20 62 75 73 68 79 2c 20  62 75 73 69 6c 79 2c 20  | bushy, busily, |
0001e690  62 75 73 69 6e 65 73 73  2c 20 62 75 73 69 6e 65  |business, busine|
0001e6a0  73 73 6d 61 6e 2c 20 62  75 73 69 6e 65 73 73 77  |ssman, businessw|
0001e6b0  6f 6d 61 6e 2c 20 62 75  73 74 2c 20 62 75 73 74  |oman, bust, bust|
0001e6c0  6c 65 2c 20 62 75 73 79  2c 20 62 75 74 2c 20 62  |le, busy, but, b|
0001e6d0  75 74 63 68 65 72 2c 20  62 75 74 6c 65 72 2c 20  |utcher, butler, |
0001e6e0  62 75 74 74 2c 20 62 75  74 74 65 72 2c 20 62 75  |butt, butter, bu|
0001e6f0  74 74 65 72 66 6c 79 2c  20 62 75 74 74 6f 6e 2c  |tterfly, button,|
0001e700  20 62 75 74 74 6f 63 6b  73 2c 20 62 75 79 2c 20  | buttocks, buy, |
0001e710  62 75 79 65 72 2c 20 62  75 7a 7a 2c 20 62 75 7a  |buyer, buzz, buz|
0001e720  7a 61 72 64 2c 20 62 75  7a 7a 65 72 2c 20 62 79  |zard, buzzer, by|
0001e730  2c 20 62 79 65 2c 20 62  79 70 61 73 73 2c 20 62  |, bye, bypass, b|
0001e740  79 70 72 6f 64 75 63 74  2c 20 62 79 73 74 61 6e  |yproduct, bystan|
0001e750  64 65 72 2c 20 62 79 74  65 2c 20 62 79 77 61 79  |der, byte, byway|
0001e760  2c 20 63 61 62 2c 20 63  61 62 61 6e 61 2c 20 63  |, cab, cabana, c|
0001e770  61 62 62 61 67 65 2c 20  63 61 62 69 6e 2c 20 63  |abbage, cabin, c|
0001e780  61 62 69 6e 65 74 2c 20  63 61 62 6c 65 2c 20 63  |abinet, cable, c|
0001e790  61 62 6f 6f 73 65 2c 20  63 61 63 68 65 2c 20 63  |aboose, cache, c|
0001e7a0  61 63 6b 6c 65 2c 20 63  61 63 74 69 2c 20 63 61  |ackle, cacti, ca|
0001e7b0  63 74 75 73 2c 20 63 61  64 2c 20 63 61 64 61 76  |ctus, cad, cadav|
0001e7c0  65 72 2c 20 63 61 64 65  6e 63 65 2c 20 63 61 64  |er, cadence, cad|
0001e7d0  65 74 2c 20 63 61 66 66  65 69 6e 65 2c 20 63 61  |et, caffeine, ca|
0001e7e0  67 65 2c 20 63 61 67 65  79 2c 20 63 61 67 79 2c  |ge, cagey, cagy,|
0001e7f0  20 63 61 68 6f 6f 74 73  2c 20 63 61 69 6d 61 6e  | cahoots, caiman|
0001e800  2c 20 63 61 69 6e 2c 20  63 61 6a 6f 6c 65 2c 20  |, cain, cajole, |
0001e810  63 61 6b 65 2c 20 63 61  6c 61 6d 69 74 79 2c 20  |cake, calamity, |
0001e820  63 61 6c 63 75 6c 61 74  65 2c 20 63 61 6c 63 75  |calculate, calcu|
0001e830  6c 61 74 69 6f 6e 2c 20  63 61 6c 63 75 6c 61 74  |lation, calculat|
0001e840  6f 72 2c 20 63 61 6c 63  75 6c 75 73 2c 20 63 61  |or, calculus, ca|
0001e850  6c 65 6e 64 61 72 2c 20  63 61 6c 66 2c 20 63 61  |lendar, calf, ca|
0001e860  6c 69 62 65 72 2c 20 63  61 6c 69 62 72 61 74 65  |liber, calibrate|
0001e870  2c 20 63 61 6c 69 62 72  61 74 69 6f 6e 2c 20 63  |, calibration, c|
0001e880  61 6c 69 63 6f 2c 20 63  61 6c 6c 2c 20 63 61 6c  |alico, call, cal|
0001e890  6c 65 72 2c 20 63 61 6c  6c 69 67 72 61 70 68 79  |ler, calligraphy|
0001e8a0  2c 20 63 61 6c 6c 6f 75  73 2c 20 63 61 6c 6c 6f  |, callous, callo|
0001e8b0  77 2c 20 63 61 6c 6c 75  73 2c 20 63 61 6c 6d 2c  |w, callus, calm,|
0001e8c0  20 63 61 6c 6d 6c 79 2c  20 63 61 6c 6d 6e 65 73  | calmly, calmnes|
0001e8d0  73 2c 20 63 61 6c 6f 72  69 65 2c 20 63 61 6c 76  |s, calorie, calv|
0001e8e0  61 72 79 2c 20 63 61 6c  76 65 2c 20 63 61 6c 76  |ary, calve, calv|
0001e8f0  65 73 2c 20 63 61 6c 79  70 73 6f 2c 20 63 61 6d  |es, calypso, cam|
0001e900  61 72 61 64 65 72 69 65  2c 20 63 61 6d 65 6c 2c  |araderie, camel,|
0001e910  20 63 61 6d 6f 75 66 6c  61 67 65 2c 20 63 61 6d  | camouflage, cam|
0001e920  70 2c 20 63 61 6d 70 61  69 67 6e 2c 20 63 61 6d  |p, campaign, cam|
0001e930  70 65 72 2c 20 63 61 6d  70 66 69 72 65 2c 20 63  |per, campfire, c|
0001e940  61 6d 70 69 6e 67 2c 20  63 61 6d 70 73 69 74 65  |amping, campsite|
0001e950  2c 20 63 61 6d 70 75 73  2c 20 63 61 6e 2c 20 63  |, campus, can, c|
0001e960  61 6e 61 72 79 2c 20 63  61 6e 63 65 6c 2c 20 63  |anary, cancel, c|
0001e970  61 6e 63 65 6c 6c 61 74  69 6f 6e 2c 20 63 61 6e  |ancellation, can|
0001e980  63 65 72 2c 20 63 61 6e  64 69 64 61 63 79 2c 20  |cer, candidacy, |
0001e990  63 61 6e 64 69 64 61 74  65 2c 20 63 61 6e 64 69  |candidate, candi|
0001e9a0  64 6c 79 2c 20 63 61 6e  64 6c 65 2c 20 63 61 6e  |dly, candle, can|
0001e9b0  64 6c 65 6c 69 67 68 74  2c 20 63 61 6e 64 79 2c  |dlelight, candy,|
0001e9c0  20 63 61 6e 65 2c 20 63  61 6e 69 6e 65 2c 20 63  | cane, canine, c|
0001e9d0  61 6e 69 73 74 65 72 2c  20 63 61 6e 6e 61 62 69  |anister, cannabi|
0001e9e0  73 2c 20 63 61 6e 6e 69  62 61 6c 2c 20 63 61 6e  |s, cannibal, can|
0001e9f0  6e 69 62 61 6c 69 7a 65  2c 20 63 61 6e 6e 6f 6e  |nibalize, cannon|
0001ea00  2c 20 63 61 6e 6e 6f 6e  62 61 6c 6c 2c 20 63 61  |, cannonball, ca|
0001ea10  6e 6e 6f 6e 20 66 6f 64  64 65 72 2c 20 63 61 6e  |nnon fodder, can|
0001ea20  6e 6f 74 2c 20 63 61 6e  6f 65 2c 20 63 61 6e 6f  |not, canoe, cano|
0001ea30  70 69 65 64 2c 20 63 61  6e 6f 70 79 2c 20 63 61  |pied, canopy, ca|
0001ea40  6e 74 65 65 6e 2c 20 63  61 6e 76 61 73 2c 20 63  |nteen, canvas, c|
0001ea50  61 6e 76 61 73 73 2c 20  63 61 6e 79 6f 6e 2c 20  |anvass, canyon, |
0001ea60  63 61 70 2c 20 63 61 70  61 62 69 6c 69 74 79 2c  |cap, capability,|
0001ea70  20 63 61 70 61 62 6c 65  2c 20 63 61 70 61 63 69  | capable, capaci|
0001ea80  74 79 2c 20 63 61 70 65  2c 20 63 61 70 65 72 2c  |ty, cape, caper,|
0001ea90  20 63 61 70 69 74 61 6c  2c 20 63 61 70 69 74 61  | capital, capita|
0001eaa0  6c 69 73 6d 2c 20 63 61  70 69 74 61 6c 69 73 74  |lism, capitalist|
0001eab0  2c 20 63 61 70 69 74 61  6c 69 7a 65 2c 20 63 61  |, capitalize, ca|
0001eac0  70 69 74 6f 6c 2c 20 63  61 70 69 74 75 6c 61 74  |pitol, capitulat|
0001ead0  65 2c 20 63 61 70 73 69  7a 65 2c 20 63 61 70 73  |e, capsize, caps|
0001eae0  75 6c 65 2c 20 63 61 70  74 69 6f 6e 2c 20 63 61  |ule, caption, ca|
0001eaf0  70 74 69 76 61 74 65 2c  20 63 61 70 74 69 76 65  |ptivate, captive|
0001eb00  2c 20 63 61 70 74 69 76  69 74 79 2c 20 63 61 70  |, captivity, cap|
0001eb10  74 75 72 65 2c 20 63 61  72 2c 20 63 61 72 61 74  |ture, car, carat|
0001eb20  2c 20 63 61 72 61 76 61  6e 2c 20 63 61 72 61 77  |, caravan, caraw|
0001eb30  61 79 2c 20 63 61 72 62  69 64 65 2c 20 63 61 72  |ay, carbide, car|
0001eb40  62 69 6e 65 2c 20 63 61  72 62 6f 68 79 64 72 61  |bine, carbohydra|
0001eb50  74 65 2c 20 63 61 72 62  6f 6e 2c 20 63 61 72 62  |te, carbon, carb|
0001eb60  6f 6e 61 74 65 64 2c 20  63 61 72 62 6f 6e 20 63  |onated, carbon c|
0001eb70  6f 70 79 2c 20 63 61 72  62 6f 6e 20 64 69 6f 78  |opy, carbon diox|
0001eb80  69 64 65 2c 20 63 61 72  64 62 6f 61 72 64 2c 20  |ide, cardboard, |
0001eb90  63 61 72 64 69 67 61 6e  2c 20 63 61 72 64 69 6e  |cardigan, cardin|
0001eba0  61 6c 2c 20 63 61 72 64  69 6f 76 61 73 63 75 6c  |al, cardiovascul|
0001ebb0  61 72 2c 20 63 61 72 65  2c 20 63 61 72 65 65 6e  |ar, care, careen|
0001ebc0  2c 20 63 61 72 65 65 72  2c 20 63 61 72 65 66 75  |, career, carefu|
0001ebd0  6c 2c 20 63 61 72 65 66  75 6c 6c 79 2c 20 63 61  |l, carefully, ca|
0001ebe0  72 65 66 75 6c 6e 65 73  73 2c 20 63 61 72 65 66  |refulness, caref|
0001ebf0  72 65 65 2c 20 63 61 72  65 6c 65 73 73 6c 79 2c  |ree, carelessly,|
0001ec00  20 63 61 72 65 6c 65 73  73 6e 65 73 73 2c 20 63  | carelessness, c|
0001ec10  61 72 65 73 73 2c 20 63  61 72 65 74 61 6b 65 72  |aress, caretaker|
0001ec20  2c 20 63 61 72 67 6f 2c  20 43 61 72 69 62 62 65  |, cargo, Caribbe|
0001ec30  61 6e 2c 20 63 61 72 69  63 61 74 75 72 65 2c 20  |an, caricature, |
0001ec40  63 61 72 69 62 6f 75 2c  20 63 61 72 69 63 61 74  |caribou, caricat|
0001ec50  75 72 65 2c 20 63 61 72  69 62 6f 75 2c 20 63 61  |ure, caribou, ca|
0001ec60  72 69 6e 67 2c 20 63 61  72 6a 61 63 6b 2c 20 63  |ring, carjack, c|
0001ec70  61 72 6a 61 63 6b 65 72  2c 20 63 61 72 6a 61 63  |arjacker, carjac|
0001ec80  6b 69 6e 67 2c 20 63 61  72 6e 61 67 65 2c 20 63  |king, carnage, c|
0001ec90  61 72 6e 61 6c 2c 20 63  61 72 6e 69 76 61 6c 2c  |arnal, carnival,|
0001eca0  20 63 61 72 6e 69 76 6f  72 65 2c 00 00 00 00 00  | carnivore,.....|
0001ecb0  00 00 00 00 00 00 00 00  00 00 00 00 00 00 00 00  |................|
*
00020000  54 68 69 73 20 77 69 6c  6c 20 62 65 20 69 6e 74  |This will be int|
00020010  65 72 75 70 74 65 64 20  62 79 20 61 20 73 65 65  |erupted by a see|
00020020  6b 2e 20 54 68 69 73 20  69 73 20 74 68 65 20 73  |k. This is the s|
00020030  65 63 6f 6e 64 20 70 61  72 74 20 6f 66 20 74 68  |econd part of th|
00020040  65 20 64 61 74 61 2e 72  74 20 6f 66 20 74 68 65  |e data.rt of the|
00020050  20 64 61 74 61 2e 00 00  00 00 00 00 00 00 00 00  | data...........|
00020060  00 00 00 00 00 00 00 00  00 00 00 00 00 00 00 00  |................|
*
04007000
